[3.184s] Invoking command in '/home/tasc/autonav_merge2/src/tasc_autonomy/autonomy_sensors': PYTHONPATH=/home/tasc/autonav_merge2/src/tasc_autonomy/build/autonomy_sensors/prefix_override:/usr/lib/python3/dist-packages/colcon_core/task/python/colcon_distutils_commands:/home/tasc/autonav_merge2/src/tasc_autonomy/install/autonomy_sensors/lib/python3.10/site-packages:${PYTHONPATH} /usr/bin/python3 -W ignore:setup.py install is deprecated -W ignore:easy_install command is deprecated setup.py egg_info --egg-base ../build/autonomy_sensors build --build-base /home/tasc/autonav_merge2/src/tasc_autonomy/build/autonomy_sensors/build install --record /home/tasc/autonav_merge2/src/tasc_autonomy/build/autonomy_sensors/install.log --single-version-externally-managed install_data
[3.832s] running egg_info
[3.834s] writing ../build/autonomy_sensors/autonomy_sensors.egg-info/PKG-INFO
[3.834s] writing dependency_links to ../build/autonomy_sensors/autonomy_sensors.egg-info/dependency_links.txt
[3.835s] writing entry points to ../build/autonomy_sensors/autonomy_sensors.egg-info/entry_points.txt
[3.835s] writing requirements to ../build/autonomy_sensors/autonomy_sensors.egg-info/requires.txt
[3.835s] writing top-level names to ../build/autonomy_sensors/autonomy_sensors.egg-info/top_level.txt
[3.840s] reading manifest file '../build/autonomy_sensors/autonomy_sensors.egg-info/SOURCES.txt'
[3.841s] adding license file 'LICENSE'
[3.842s] writing manifest file '../build/autonomy_sensors/autonomy_sensors.egg-info/SOURCES.txt'
[3.843s] running build
[3.843s] running build_py
[3.843s] running install
[3.844s] running install_lib
[3.848s] running install_data
[3.848s] running install_egg_info
[3.853s] removing '/home/tasc/autonav_merge2/src/tasc_autonomy/install/autonomy_sensors/lib/python3.10/site-packages/autonomy_sensors-0.0.0-py3.10.egg-info' (and everything under it)
[3.853s] Copying ../build/autonomy_sensors/autonomy_sensors.egg-info to /home/tasc/autonav_merge2/src/tasc_autonomy/install/autonomy_sensors/lib/python3.10/site-packages/autonomy_sensors-0.0.0-py3.10.egg-info
[3.856s] running install_scripts
[3.905s] Installing gps_imu_broadcaster script to /home/tasc/autonav_merge2/src/tasc_autonomy/install/autonomy_sensors/lib/autonomy_sensors
[3.906s] Installing gps_node script to /home/tasc/autonav_merge2/src/tasc_autonomy/install/autonomy_sensors/lib/autonomy_sensors
[3.906s] Installing imu_node script to /home/tasc/autonav_merge2/src/tasc_autonomy/install/autonomy_sensors/lib/autonomy_sensors
[3.907s] writing list of installed files to '/home/tasc/autonav_merge2/src/tasc_autonomy/build/autonomy_sensors/install.log'
[3.985s] Invoked command in '/home/tasc/autonav_merge2/src/tasc_autonomy/autonomy_sensors' returned '0': PYTHONPATH=/home/tasc/autonav_merge2/src/tasc_autonomy/build/autonomy_sensors/prefix_override:/usr/lib/python3/dist-packages/colcon_core/task/python/colcon_distutils_commands:/home/tasc/autonav_merge2/src/tasc_autonomy/install/autonomy_sensors/lib/python3.10/site-packages:${PYTHONPATH} /usr/bin/python3 -W ignore:setup.py install is deprecated -W ignore:easy_install command is deprecated setup.py egg_info --egg-base ../build/autonomy_sensors build --build-base /home/tasc/autonav_merge2/src/tasc_autonomy/build/autonomy_sensors/build install --record /home/tasc/autonav_merge2/src/tasc_autonomy/build/autonomy_sensors/install.log --single-version-externally-managed install_data
