[3.103s] Invoking command in '/home/tasc/autonav_merge2/src/tasc_autonomy/autonomy_bringup': PYTHONPATH=/home/tasc/autonav_merge2/src/tasc_autonomy/build/autonomy_bringup/prefix_override:/usr/lib/python3/dist-packages/colcon_core/task/python/colcon_distutils_commands:/home/tasc/autonav_merge2/src/tasc_autonomy/install/autonomy_bringup/lib/python3.10/site-packages:${PYTHONPATH} /usr/bin/python3 -W ignore:setup.py install is deprecated -W ignore:easy_install command is deprecated setup.py egg_info --egg-base ../build/autonomy_bringup build --build-base /home/tasc/autonav_merge2/src/tasc_autonomy/build/autonomy_bringup/build install --record /home/tasc/autonav_merge2/src/tasc_autonomy/build/autonomy_bringup/install.log --single-version-externally-managed install_data
[3.747s] running egg_info
[3.749s] creating ../build/autonomy_bringup/autonomy_bringup.egg-info
[3.749s] writing ../build/autonomy_bringup/autonomy_bringup.egg-info/PKG-INFO
[3.750s] writing dependency_links to ../build/autonomy_bringup/autonomy_bringup.egg-info/dependency_links.txt
[3.750s] writing entry points to ../build/autonomy_bringup/autonomy_bringup.egg-info/entry_points.txt
[3.750s] writing requirements to ../build/autonomy_bringup/autonomy_bringup.egg-info/requires.txt
[3.751s] writing top-level names to ../build/autonomy_bringup/autonomy_bringup.egg-info/top_level.txt
[3.751s] writing manifest file '../build/autonomy_bringup/autonomy_bringup.egg-info/SOURCES.txt'
[3.755s] reading manifest file '../build/autonomy_bringup/autonomy_bringup.egg-info/SOURCES.txt'
[3.756s] adding license file 'LICENSE'
[3.757s] writing manifest file '../build/autonomy_bringup/autonomy_bringup.egg-info/SOURCES.txt'
[3.758s] running build
[3.758s] running build_py
[3.759s] creating /home/tasc/autonav_merge2/src/tasc_autonomy/build/autonomy_bringup/build
[3.759s] creating /home/tasc/autonav_merge2/src/tasc_autonomy/build/autonomy_bringup/build/lib
[3.760s] creating /home/tasc/autonav_merge2/src/tasc_autonomy/build/autonomy_bringup/build/lib/autonomy_bringup
[3.760s] copying autonomy_bringup/__init__.py -> /home/tasc/autonav_merge2/src/tasc_autonomy/build/autonomy_bringup/build/lib/autonomy_bringup
[3.760s] running install
[3.761s] running install_lib
[3.762s] creating /home/tasc/autonav_merge2/src/tasc_autonomy/install/autonomy_bringup/lib/python3.10/site-packages/autonomy_bringup
[3.763s] copying /home/tasc/autonav_merge2/src/tasc_autonomy/build/autonomy_bringup/build/lib/autonomy_bringup/__init__.py -> /home/tasc/autonav_merge2/src/tasc_autonomy/install/autonomy_bringup/lib/python3.10/site-packages/autonomy_bringup
[3.764s] byte-compiling /home/tasc/autonav_merge2/src/tasc_autonomy/install/autonomy_bringup/lib/python3.10/site-packages/autonomy_bringup/__init__.py to __init__.cpython-310.pyc
[3.765s] running install_data
[3.765s] creating /home/tasc/autonav_merge2/src/tasc_autonomy/install/autonomy_bringup/share/ament_index
[3.765s] creating /home/tasc/autonav_merge2/src/tasc_autonomy/install/autonomy_bringup/share/ament_index/resource_index
[3.765s] creating /home/tasc/autonav_merge2/src/tasc_autonomy/install/autonomy_bringup/share/ament_index/resource_index/packages
[3.766s] copying resource/autonomy_bringup -> /home/tasc/autonav_merge2/src/tasc_autonomy/install/autonomy_bringup/share/ament_index/resource_index/packages
[3.766s] copying package.xml -> /home/tasc/autonav_merge2/src/tasc_autonomy/install/autonomy_bringup/share/autonomy_bringup
[3.766s] creating /home/tasc/autonav_merge2/src/tasc_autonomy/install/autonomy_bringup/share/autonomy_bringup/launch
[3.766s] copying launch/foxglove_gui.launch.py -> /home/tasc/autonav_merge2/src/tasc_autonomy/install/autonomy_bringup/share/autonomy_bringup/launch
[3.766s] running install_egg_info
[3.770s] Copying ../build/autonomy_bringup/autonomy_bringup.egg-info to /home/tasc/autonav_merge2/src/tasc_autonomy/install/autonomy_bringup/lib/python3.10/site-packages/autonomy_bringup-0.0.0-py3.10.egg-info
[3.773s] running install_scripts
[3.825s] writing list of installed files to '/home/tasc/autonav_merge2/src/tasc_autonomy/build/autonomy_bringup/install.log'
[3.951s] Invoked command in '/home/tasc/autonav_merge2/src/tasc_autonomy/autonomy_bringup' returned '0': PYTHONPATH=/home/tasc/autonav_merge2/src/tasc_autonomy/build/autonomy_bringup/prefix_override:/usr/lib/python3/dist-packages/colcon_core/task/python/colcon_distutils_commands:/home/tasc/autonav_merge2/src/tasc_autonomy/install/autonomy_bringup/lib/python3.10/site-packages:${PYTHONPATH} /usr/bin/python3 -W ignore:setup.py install is deprecated -W ignore:easy_install command is deprecated setup.py egg_info --egg-base ../build/autonomy_bringup build --build-base /home/tasc/autonav_merge2/src/tasc_autonomy/build/autonomy_bringup/build install --record /home/tasc/autonav_merge2/src/tasc_autonomy/build/autonomy_bringup/install.log --single-version-externally-managed install_data
