[2.191s] Invoking command in '/home/tasc/autonav_merge2/src/tasc_autonomy/build/gps_tracker': CMAKE_PREFIX_PATH=${CMAKE_PREFIX_PATH}:/home/tasc/autonav_merge2/src/tasc_autonomy/install/autonomy_vision:/home/tasc/autonav_merge2/src/tasc_autonomy/install/autonomy_sensors:/home/tasc/autonav_merge2/src/tasc_autonomy/install/autonomy_bringup:/home/tasc/autonav_merge2/install/autonomy_vision:/home/tasc/autonav_merge2/install/autonomy_sensors:/home/tasc/autonav_merge2/install/autonomy_bringup:/home/tasc/asimov/install/rover_dashboard:/home/tasc/asimov/install/drive_bringup:/home/tasc/asimov/install/drive_control:/opt/ros/humble /usr/bin/cmake --build /home/tasc/autonav_merge2/src/tasc_autonomy/build/gps_tracker -- -j6 -l6
[2.283s] [35m[1mConsolidate compiler generated dependencies of target fake_gps[0m
[2.283s] [35m[1mConsolidate compiler generated dependencies of target route_logger[0m
[2.325s] [ 50%] Built target fake_gps
[2.332s] [100%] Built target route_logger
[2.358s] Invoked command in '/home/tasc/autonav_merge2/src/tasc_autonomy/build/gps_tracker' returned '0': CMAKE_PREFIX_PATH=${CMAKE_PREFIX_PATH}:/home/tasc/autonav_merge2/src/tasc_autonomy/install/autonomy_vision:/home/tasc/autonav_merge2/src/tasc_autonomy/install/autonomy_sensors:/home/tasc/autonav_merge2/src/tasc_autonomy/install/autonomy_bringup:/home/tasc/autonav_merge2/install/autonomy_vision:/home/tasc/autonav_merge2/install/autonomy_sensors:/home/tasc/autonav_merge2/install/autonomy_bringup:/home/tasc/asimov/install/rover_dashboard:/home/tasc/asimov/install/drive_bringup:/home/tasc/asimov/install/drive_control:/opt/ros/humble /usr/bin/cmake --build /home/tasc/autonav_merge2/src/tasc_autonomy/build/gps_tracker -- -j6 -l6
[2.382s] Invoking command in '/home/tasc/autonav_merge2/src/tasc_autonomy/build/gps_tracker': CMAKE_PREFIX_PATH=${CMAKE_PREFIX_PATH}:/home/tasc/autonav_merge2/src/tasc_autonomy/install/autonomy_vision:/home/tasc/autonav_merge2/src/tasc_autonomy/install/autonomy_sensors:/home/tasc/autonav_merge2/src/tasc_autonomy/install/autonomy_bringup:/home/tasc/autonav_merge2/install/autonomy_vision:/home/tasc/autonav_merge2/install/autonomy_sensors:/home/tasc/autonav_merge2/install/autonomy_bringup:/home/tasc/asimov/install/rover_dashboard:/home/tasc/asimov/install/drive_bringup:/home/tasc/asimov/install/drive_control:/opt/ros/humble /usr/bin/cmake --install /home/tasc/autonav_merge2/src/tasc_autonomy/build/gps_tracker
[2.399s] -- Install configuration: ""
[2.401s] -- Up-to-date: /home/tasc/autonav_merge2/src/tasc_autonomy/install/gps_tracker/lib/gps_tracker/fake_gps
[2.401s] -- Up-to-date: /home/tasc/autonav_merge2/src/tasc_autonomy/install/gps_tracker/lib/gps_tracker/route_logger
[2.402s] -- Up-to-date: /home/tasc/autonav_merge2/src/tasc_autonomy/install/gps_tracker/share/gps_tracker//launch
[2.402s] -- Up-to-date: /home/tasc/autonav_merge2/src/tasc_autonomy/install/gps_tracker/share/gps_tracker//launch/gps_tracker.launch.py
[2.403s] -- Up-to-date: /home/tasc/autonav_merge2/src/tasc_autonomy/install/gps_tracker/share/ament_index/resource_index/package_run_dependencies/gps_tracker
[2.403s] -- Up-to-date: /home/tasc/autonav_merge2/src/tasc_autonomy/install/gps_tracker/share/ament_index/resource_index/parent_prefix_path/gps_tracker
[2.404s] -- Up-to-date: /home/tasc/autonav_merge2/src/tasc_autonomy/install/gps_tracker/share/gps_tracker/environment/ament_prefix_path.sh
[2.404s] -- Up-to-date: /home/tasc/autonav_merge2/src/tasc_autonomy/install/gps_tracker/share/gps_tracker/environment/ament_prefix_path.dsv
[2.404s] -- Up-to-date: /home/tasc/autonav_merge2/src/tasc_autonomy/install/gps_tracker/share/gps_tracker/environment/path.sh
[2.404s] -- Up-to-date: /home/tasc/autonav_merge2/src/tasc_autonomy/install/gps_tracker/share/gps_tracker/environment/path.dsv
[2.404s] -- Up-to-date: /home/tasc/autonav_merge2/src/tasc_autonomy/install/gps_tracker/share/gps_tracker/local_setup.bash
[2.405s] -- Up-to-date: /home/tasc/autonav_merge2/src/tasc_autonomy/install/gps_tracker/share/gps_tracker/local_setup.sh
[2.405s] -- Up-to-date: /home/tasc/autonav_merge2/src/tasc_autonomy/install/gps_tracker/share/gps_tracker/local_setup.zsh
[2.405s] -- Up-to-date: /home/tasc/autonav_merge2/src/tasc_autonomy/install/gps_tracker/share/gps_tracker/local_setup.dsv
[2.405s] -- Installing: /home/tasc/autonav_merge2/src/tasc_autonomy/install/gps_tracker/share/gps_tracker/package.dsv
[2.405s] -- Up-to-date: /home/tasc/autonav_merge2/src/tasc_autonomy/install/gps_tracker/share/ament_index/resource_index/packages/gps_tracker
[2.405s] -- Up-to-date: /home/tasc/autonav_merge2/src/tasc_autonomy/install/gps_tracker/share/gps_tracker/cmake/gps_trackerConfig.cmake
[2.406s] -- Up-to-date: /home/tasc/autonav_merge2/src/tasc_autonomy/install/gps_tracker/share/gps_tracker/cmake/gps_trackerConfig-version.cmake
[2.406s] -- Up-to-date: /home/tasc/autonav_merge2/src/tasc_autonomy/install/gps_tracker/share/gps_tracker/package.xml
[2.415s] Invoked command in '/home/tasc/autonav_merge2/src/tasc_autonomy/build/gps_tracker' returned '0': CMAKE_PREFIX_PATH=${CMAKE_PREFIX_PATH}:/home/tasc/autonav_merge2/src/tasc_autonomy/install/autonomy_vision:/home/tasc/autonav_merge2/src/tasc_autonomy/install/autonomy_sensors:/home/tasc/autonav_merge2/src/tasc_autonomy/install/autonomy_bringup:/home/tasc/autonav_merge2/install/autonomy_vision:/home/tasc/autonav_merge2/install/autonomy_sensors:/home/tasc/autonav_merge2/install/autonomy_bringup:/home/tasc/asimov/install/rover_dashboard:/home/tasc/asimov/install/drive_bringup:/home/tasc/asimov/install/drive_control:/opt/ros/humble /usr/bin/cmake --install /home/tasc/autonav_merge2/src/tasc_autonomy/build/gps_tracker
