[3.238s] Invoking command in '/home/tasc/autonav_merge2/src/tasc_autonomy/autonomy_vision': PYTHONPATH=/home/tasc/autonav_merge2/src/tasc_autonomy/build/autonomy_vision/prefix_override:/usr/lib/python3/dist-packages/colcon_core/task/python/colcon_distutils_commands:/home/tasc/autonav_merge2/src/tasc_autonomy/install/autonomy_vision/lib/python3.10/site-packages:${PYTHONPATH} /usr/bin/python3 -W ignore:setup.py install is deprecated -W ignore:easy_install command is deprecated setup.py egg_info --egg-base ../build/autonomy_vision build --build-base /home/tasc/autonav_merge2/src/tasc_autonomy/build/autonomy_vision/build install --record /home/tasc/autonav_merge2/src/tasc_autonomy/build/autonomy_vision/install.log --single-version-externally-managed install_data
[3.917s] running egg_info
[3.919s] writing ../build/autonomy_vision/autonomy_vision.egg-info/PKG-INFO
[3.920s] writing dependency_links to ../build/autonomy_vision/autonomy_vision.egg-info/dependency_links.txt
[3.921s] writing entry points to ../build/autonomy_vision/autonomy_vision.egg-info/entry_points.txt
[3.921s] writing requirements to ../build/autonomy_vision/autonomy_vision.egg-info/requires.txt
[3.921s] writing top-level names to ../build/autonomy_vision/autonomy_vision.egg-info/top_level.txt
[3.927s] reading manifest file '../build/autonomy_vision/autonomy_vision.egg-info/SOURCES.txt'
[3.930s] writing manifest file '../build/autonomy_vision/autonomy_vision.egg-info/SOURCES.txt'
[3.930s] running build
[3.930s] running build_py
[3.931s] copying autonomy_vision/multi_camera_streamer.py -> /home/tasc/autonav_merge2/src/tasc_autonomy/build/autonomy_vision/build/lib/autonomy_vision
[3.932s] running install
[3.934s] running install_lib
[3.937s] copying /home/tasc/autonav_merge2/src/tasc_autonomy/build/autonomy_vision/build/lib/autonomy_vision/multi_camera_streamer.py -> /home/tasc/autonav_merge2/src/tasc_autonomy/install/autonomy_vision/lib/python3.10/site-packages/autonomy_vision
[3.939s] byte-compiling /home/tasc/autonav_merge2/src/tasc_autonomy/install/autonomy_vision/lib/python3.10/site-packages/autonomy_vision/multi_camera_streamer.py to multi_camera_streamer.cpython-310.pyc
[3.942s] running install_data
[3.943s] running install_egg_info
[3.949s] removing '/home/tasc/autonav_merge2/src/tasc_autonomy/install/autonomy_vision/lib/python3.10/site-packages/autonomy_vision-0.0.0-py3.10.egg-info' (and everything under it)
[3.951s] Copying ../build/autonomy_vision/autonomy_vision.egg-info to /home/tasc/autonav_merge2/src/tasc_autonomy/install/autonomy_vision/lib/python3.10/site-packages/autonomy_vision-0.0.0-py3.10.egg-info
[3.951s] running install_scripts
[4.009s] Installing morse_code_detector script to /home/tasc/autonav_merge2/src/tasc_autonomy/install/autonomy_vision/lib/autonomy_vision
[4.009s] Installing motor_controller script to /home/tasc/autonav_merge2/src/tasc_autonomy/install/autonomy_vision/lib/autonomy_vision
[4.010s] Installing motor_input script to /home/tasc/autonav_merge2/src/tasc_autonomy/install/autonomy_vision/lib/autonomy_vision
[4.012s] Installing multi_camera_streamer script to /home/tasc/autonav_merge2/src/tasc_autonomy/install/autonomy_vision/lib/autonomy_vision
[4.013s] Installing webcam_detection2D script to /home/tasc/autonav_merge2/src/tasc_autonomy/install/autonomy_vision/lib/autonomy_vision
[4.014s] Installing yolo_depth_v1 script to /home/tasc/autonav_merge2/src/tasc_autonomy/install/autonomy_vision/lib/autonomy_vision
[4.014s] Installing yolo_pc script to /home/tasc/autonav_merge2/src/tasc_autonomy/install/autonomy_vision/lib/autonomy_vision
[4.015s] writing list of installed files to '/home/tasc/autonav_merge2/src/tasc_autonomy/build/autonomy_vision/install.log'
[4.085s] Invoked command in '/home/tasc/autonav_merge2/src/tasc_autonomy/autonomy_vision' returned '0': PYTHONPATH=/home/tasc/autonav_merge2/src/tasc_autonomy/build/autonomy_vision/prefix_override:/usr/lib/python3/dist-packages/colcon_core/task/python/colcon_distutils_commands:/home/tasc/autonav_merge2/src/tasc_autonomy/install/autonomy_vision/lib/python3.10/site-packages:${PYTHONPATH} /usr/bin/python3 -W ignore:setup.py install is deprecated -W ignore:easy_install command is deprecated setup.py egg_info --egg-base ../build/autonomy_vision build --build-base /home/tasc/autonav_merge2/src/tasc_autonomy/build/autonomy_vision/build install --record /home/tasc/autonav_merge2/src/tasc_autonomy/build/autonomy_vision/install.log --single-version-externally-managed install_data
