[3.200s] Invoking command in '/home/tasc/autonav_merge2/src/tasc_autonomy/autonomy_sensors': PYTHONPATH=/home/tasc/autonav_merge2/src/tasc_autonomy/build/autonomy_sensors/prefix_override:/usr/lib/python3/dist-packages/colcon_core/task/python/colcon_distutils_commands:/home/tasc/autonav_merge2/src/tasc_autonomy/install/autonomy_sensors/lib/python3.10/site-packages:${PYTHONPATH} /usr/bin/python3 -W ignore:setup.py install is deprecated -W ignore:easy_install command is deprecated setup.py egg_info --egg-base ../build/autonomy_sensors build --build-base /home/tasc/autonav_merge2/src/tasc_autonomy/build/autonomy_sensors/build install --record /home/tasc/autonav_merge2/src/tasc_autonomy/build/autonomy_sensors/install.log --single-version-externally-managed install_data
[3.854s] running egg_info
[3.855s] writing ../build/autonomy_sensors/autonomy_sensors.egg-info/PKG-INFO
[3.856s] writing dependency_links to ../build/autonomy_sensors/autonomy_sensors.egg-info/dependency_links.txt
[3.856s] writing entry points to ../build/autonomy_sensors/autonomy_sensors.egg-info/entry_points.txt
[3.856s] writing requirements to ../build/autonomy_sensors/autonomy_sensors.egg-info/requires.txt
[3.857s] writing top-level names to ../build/autonomy_sensors/autonomy_sensors.egg-info/top_level.txt
[3.862s] reading manifest file '../build/autonomy_sensors/autonomy_sensors.egg-info/SOURCES.txt'
[3.862s] adding license file 'LICENSE'
[3.864s] writing manifest file '../build/autonomy_sensors/autonomy_sensors.egg-info/SOURCES.txt'
[3.864s] running build
[3.864s] running build_py
[3.865s] running install
[3.866s] running install_lib
[3.869s] running install_data
[3.869s] running install_egg_info
[3.874s] removing '/home/tasc/autonav_merge2/src/tasc_autonomy/install/autonomy_sensors/lib/python3.10/site-packages/autonomy_sensors-0.0.0-py3.10.egg-info' (and everything under it)
[3.874s] Copying ../build/autonomy_sensors/autonomy_sensors.egg-info to /home/tasc/autonav_merge2/src/tasc_autonomy/install/autonomy_sensors/lib/python3.10/site-packages/autonomy_sensors-0.0.0-py3.10.egg-info
[3.877s] running install_scripts
[3.926s] Installing gps_imu_broadcaster script to /home/tasc/autonav_merge2/src/tasc_autonomy/install/autonomy_sensors/lib/autonomy_sensors
[3.927s] Installing gps_node script to /home/tasc/autonav_merge2/src/tasc_autonomy/install/autonomy_sensors/lib/autonomy_sensors
[3.927s] Installing imu_node script to /home/tasc/autonav_merge2/src/tasc_autonomy/install/autonomy_sensors/lib/autonomy_sensors
[3.928s] writing list of installed files to '/home/tasc/autonav_merge2/src/tasc_autonomy/build/autonomy_sensors/install.log'
[4.004s] Invoked command in '/home/tasc/autonav_merge2/src/tasc_autonomy/autonomy_sensors' returned '0': PYTHONPATH=/home/tasc/autonav_merge2/src/tasc_autonomy/build/autonomy_sensors/prefix_override:/usr/lib/python3/dist-packages/colcon_core/task/python/colcon_distutils_commands:/home/tasc/autonav_merge2/src/tasc_autonomy/install/autonomy_sensors/lib/python3.10/site-packages:${PYTHONPATH} /usr/bin/python3 -W ignore:setup.py install is deprecated -W ignore:easy_install command is deprecated setup.py egg_info --egg-base ../build/autonomy_sensors build --build-base /home/tasc/autonav_merge2/src/tasc_autonomy/build/autonomy_sensors/build install --record /home/tasc/autonav_merge2/src/tasc_autonomy/build/autonomy_sensors/install.log --single-version-externally-managed install_data
