running egg_info
creating ../build/autonomy_sensors/autonomy_sensors.egg-info
writing ../build/autonomy_sensors/autonomy_sensors.egg-info/PKG-INFO
writing dependency_links to ../build/autonomy_sensors/autonomy_sensors.egg-info/dependency_links.txt
writing entry points to ../build/autonomy_sensors/autonomy_sensors.egg-info/entry_points.txt
writing requirements to ../build/autonomy_sensors/autonomy_sensors.egg-info/requires.txt
writing top-level names to ../build/autonomy_sensors/autonomy_sensors.egg-info/top_level.txt
writing manifest file '../build/autonomy_sensors/autonomy_sensors.egg-info/SOURCES.txt'
reading manifest file '../build/autonomy_sensors/autonomy_sensors.egg-info/SOURCES.txt'
adding license file 'LICENSE'
writing manifest file '../build/autonomy_sensors/autonomy_sensors.egg-info/SOURCES.txt'
running build
running build_py
creating /home/tasc/autonav_merge2/src/tasc_autonomy/build/autonomy_sensors/build
creating /home/tasc/autonav_merge2/src/tasc_autonomy/build/autonomy_sensors/build/lib
creating /home/tasc/autonav_merge2/src/tasc_autonomy/build/autonomy_sensors/build/lib/autonomy_sensors
copying autonomy_sensors/gps_node.py -> /home/tasc/autonav_merge2/src/tasc_autonomy/build/autonomy_sensors/build/lib/autonomy_sensors
copying autonomy_sensors/imu_node.py -> /home/tasc/autonav_merge2/src/tasc_autonomy/build/autonomy_sensors/build/lib/autonomy_sensors
copying autonomy_sensors/gps_imu_broadcaster.py -> /home/tasc/autonav_merge2/src/tasc_autonomy/build/autonomy_sensors/build/lib/autonomy_sensors
copying autonomy_sensors/__init__.py -> /home/tasc/autonav_merge2/src/tasc_autonomy/build/autonomy_sensors/build/lib/autonomy_sensors
running install
running install_lib
creating /home/tasc/autonav_merge2/src/tasc_autonomy/install/autonomy_sensors/lib/python3.10/site-packages/autonomy_sensors
copying /home/tasc/autonav_merge2/src/tasc_autonomy/build/autonomy_sensors/build/lib/autonomy_sensors/gps_node.py -> /home/tasc/autonav_merge2/src/tasc_autonomy/install/autonomy_sensors/lib/python3.10/site-packages/autonomy_sensors
copying /home/tasc/autonav_merge2/src/tasc_autonomy/build/autonomy_sensors/build/lib/autonomy_sensors/imu_node.py -> /home/tasc/autonav_merge2/src/tasc_autonomy/install/autonomy_sensors/lib/python3.10/site-packages/autonomy_sensors
copying /home/tasc/autonav_merge2/src/tasc_autonomy/build/autonomy_sensors/build/lib/autonomy_sensors/gps_imu_broadcaster.py -> /home/tasc/autonav_merge2/src/tasc_autonomy/install/autonomy_sensors/lib/python3.10/site-packages/autonomy_sensors
copying /home/tasc/autonav_merge2/src/tasc_autonomy/build/autonomy_sensors/build/lib/autonomy_sensors/__init__.py -> /home/tasc/autonav_merge2/src/tasc_autonomy/install/autonomy_sensors/lib/python3.10/site-packages/autonomy_sensors
byte-compiling /home/tasc/autonav_merge2/src/tasc_autonomy/install/autonomy_sensors/lib/python3.10/site-packages/autonomy_sensors/gps_node.py to gps_node.cpython-310.pyc
byte-compiling /home/tasc/autonav_merge2/src/tasc_autonomy/install/autonomy_sensors/lib/python3.10/site-packages/autonomy_sensors/imu_node.py to imu_node.cpython-310.pyc
byte-compiling /home/tasc/autonav_merge2/src/tasc_autonomy/install/autonomy_sensors/lib/python3.10/site-packages/autonomy_sensors/gps_imu_broadcaster.py to gps_imu_broadcaster.cpython-310.pyc
byte-compiling /home/tasc/autonav_merge2/src/tasc_autonomy/install/autonomy_sensors/lib/python3.10/site-packages/autonomy_sensors/__init__.py to __init__.cpython-310.pyc
running install_data
creating /home/tasc/autonav_merge2/src/tasc_autonomy/install/autonomy_sensors/share/ament_index
creating /home/tasc/autonav_merge2/src/tasc_autonomy/install/autonomy_sensors/share/ament_index/resource_index
creating /home/tasc/autonav_merge2/src/tasc_autonomy/install/autonomy_sensors/share/ament_index/resource_index/packages
copying resource/autonomy_sensors -> /home/tasc/autonav_merge2/src/tasc_autonomy/install/autonomy_sensors/share/ament_index/resource_index/packages
copying package.xml -> /home/tasc/autonav_merge2/src/tasc_autonomy/install/autonomy_sensors/share/autonomy_sensors
creating /home/tasc/autonav_merge2/src/tasc_autonomy/install/autonomy_sensors/share/autonomy_sensors/launch
copying launch/sensors_old.launch.py -> /home/tasc/autonav_merge2/src/tasc_autonomy/install/autonomy_sensors/share/autonomy_sensors/launch
copying launch/sensors.launch.py -> /home/tasc/autonav_merge2/src/tasc_autonomy/install/autonomy_sensors/share/autonomy_sensors/launch
running install_egg_info
Copying ../build/autonomy_sensors/autonomy_sensors.egg-info to /home/tasc/autonav_merge2/src/tasc_autonomy/install/autonomy_sensors/lib/python3.10/site-packages/autonomy_sensors-0.0.0-py3.10.egg-info
running install_scripts
Installing gps_imu_broadcaster script to /home/tasc/autonav_merge2/src/tasc_autonomy/install/autonomy_sensors/lib/autonomy_sensors
Installing gps_node script to /home/tasc/autonav_merge2/src/tasc_autonomy/install/autonomy_sensors/lib/autonomy_sensors
Installing imu_node script to /home/tasc/autonav_merge2/src/tasc_autonomy/install/autonomy_sensors/lib/autonomy_sensors
writing list of installed files to '/home/tasc/autonav_merge2/src/tasc_autonomy/build/autonomy_sensors/install.log'
