[3.089s] Invoking command in '/home/tasc/autonav_merge2/src/tasc_autonomy/autonomy_sensors': PYTHONPATH=/home/tasc/autonav_merge2/src/tasc_autonomy/build/autonomy_sensors/prefix_override:/usr/lib/python3/dist-packages/colcon_core/task/python/colcon_distutils_commands:/home/tasc/autonav_merge2/src/tasc_autonomy/install/autonomy_sensors/lib/python3.10/site-packages:${PYTHONPATH} /usr/bin/python3 -W ignore:setup.py install is deprecated -W ignore:easy_install command is deprecated setup.py egg_info --egg-base ../build/autonomy_sensors build --build-base /home/tasc/autonav_merge2/src/tasc_autonomy/build/autonomy_sensors/build install --record /home/tasc/autonav_merge2/src/tasc_autonomy/build/autonomy_sensors/install.log --single-version-externally-managed install_data
[3.728s] running egg_info
[3.730s] creating ../build/autonomy_sensors/autonomy_sensors.egg-info
[3.730s] writing ../build/autonomy_sensors/autonomy_sensors.egg-info/PKG-INFO
[3.731s] writing dependency_links to ../build/autonomy_sensors/autonomy_sensors.egg-info/dependency_links.txt
[3.732s] writing entry points to ../build/autonomy_sensors/autonomy_sensors.egg-info/entry_points.txt
[3.732s] writing requirements to ../build/autonomy_sensors/autonomy_sensors.egg-info/requires.txt
[3.732s] writing top-level names to ../build/autonomy_sensors/autonomy_sensors.egg-info/top_level.txt
[3.732s] writing manifest file '../build/autonomy_sensors/autonomy_sensors.egg-info/SOURCES.txt'
[3.736s] reading manifest file '../build/autonomy_sensors/autonomy_sensors.egg-info/SOURCES.txt'
[3.737s] adding license file 'LICENSE'
[3.739s] writing manifest file '../build/autonomy_sensors/autonomy_sensors.egg-info/SOURCES.txt'
[3.740s] running build
[3.740s] running build_py
[3.740s] creating /home/tasc/autonav_merge2/src/tasc_autonomy/build/autonomy_sensors/build
[3.741s] creating /home/tasc/autonav_merge2/src/tasc_autonomy/build/autonomy_sensors/build/lib
[3.741s] creating /home/tasc/autonav_merge2/src/tasc_autonomy/build/autonomy_sensors/build/lib/autonomy_sensors
[3.741s] copying autonomy_sensors/gps_node.py -> /home/tasc/autonav_merge2/src/tasc_autonomy/build/autonomy_sensors/build/lib/autonomy_sensors
[3.742s] copying autonomy_sensors/imu_node.py -> /home/tasc/autonav_merge2/src/tasc_autonomy/build/autonomy_sensors/build/lib/autonomy_sensors
[3.742s] copying autonomy_sensors/gps_imu_broadcaster.py -> /home/tasc/autonav_merge2/src/tasc_autonomy/build/autonomy_sensors/build/lib/autonomy_sensors
[3.742s] copying autonomy_sensors/__init__.py -> /home/tasc/autonav_merge2/src/tasc_autonomy/build/autonomy_sensors/build/lib/autonomy_sensors
[3.742s] running install
[3.743s] running install_lib
[3.745s] creating /home/tasc/autonav_merge2/src/tasc_autonomy/install/autonomy_sensors/lib/python3.10/site-packages/autonomy_sensors
[3.746s] copying /home/tasc/autonav_merge2/src/tasc_autonomy/build/autonomy_sensors/build/lib/autonomy_sensors/gps_node.py -> /home/tasc/autonav_merge2/src/tasc_autonomy/install/autonomy_sensors/lib/python3.10/site-packages/autonomy_sensors
[3.746s] copying /home/tasc/autonav_merge2/src/tasc_autonomy/build/autonomy_sensors/build/lib/autonomy_sensors/imu_node.py -> /home/tasc/autonav_merge2/src/tasc_autonomy/install/autonomy_sensors/lib/python3.10/site-packages/autonomy_sensors
[3.746s] copying /home/tasc/autonav_merge2/src/tasc_autonomy/build/autonomy_sensors/build/lib/autonomy_sensors/gps_imu_broadcaster.py -> /home/tasc/autonav_merge2/src/tasc_autonomy/install/autonomy_sensors/lib/python3.10/site-packages/autonomy_sensors
[3.747s] copying /home/tasc/autonav_merge2/src/tasc_autonomy/build/autonomy_sensors/build/lib/autonomy_sensors/__init__.py -> /home/tasc/autonav_merge2/src/tasc_autonomy/install/autonomy_sensors/lib/python3.10/site-packages/autonomy_sensors
[3.748s] byte-compiling /home/tasc/autonav_merge2/src/tasc_autonomy/install/autonomy_sensors/lib/python3.10/site-packages/autonomy_sensors/gps_node.py to gps_node.cpython-310.pyc
[3.750s] byte-compiling /home/tasc/autonav_merge2/src/tasc_autonomy/install/autonomy_sensors/lib/python3.10/site-packages/autonomy_sensors/imu_node.py to imu_node.cpython-310.pyc
[3.755s] byte-compiling /home/tasc/autonav_merge2/src/tasc_autonomy/install/autonomy_sensors/lib/python3.10/site-packages/autonomy_sensors/gps_imu_broadcaster.py to gps_imu_broadcaster.cpython-310.pyc
[3.759s] byte-compiling /home/tasc/autonav_merge2/src/tasc_autonomy/install/autonomy_sensors/lib/python3.10/site-packages/autonomy_sensors/__init__.py to __init__.cpython-310.pyc
[3.760s] running install_data
[3.760s] creating /home/tasc/autonav_merge2/src/tasc_autonomy/install/autonomy_sensors/share/ament_index
[3.760s] creating /home/tasc/autonav_merge2/src/tasc_autonomy/install/autonomy_sensors/share/ament_index/resource_index
[3.760s] creating /home/tasc/autonav_merge2/src/tasc_autonomy/install/autonomy_sensors/share/ament_index/resource_index/packages
[3.760s] copying resource/autonomy_sensors -> /home/tasc/autonav_merge2/src/tasc_autonomy/install/autonomy_sensors/share/ament_index/resource_index/packages
[3.761s] copying package.xml -> /home/tasc/autonav_merge2/src/tasc_autonomy/install/autonomy_sensors/share/autonomy_sensors
[3.761s] creating /home/tasc/autonav_merge2/src/tasc_autonomy/install/autonomy_sensors/share/autonomy_sensors/launch
[3.761s] copying launch/sensors_old.launch.py -> /home/tasc/autonav_merge2/src/tasc_autonomy/install/autonomy_sensors/share/autonomy_sensors/launch
[3.762s] copying launch/sensors.launch.py -> /home/tasc/autonav_merge2/src/tasc_autonomy/install/autonomy_sensors/share/autonomy_sensors/launch
[3.762s] running install_egg_info
[3.766s] Copying ../build/autonomy_sensors/autonomy_sensors.egg-info to /home/tasc/autonav_merge2/src/tasc_autonomy/install/autonomy_sensors/lib/python3.10/site-packages/autonomy_sensors-0.0.0-py3.10.egg-info
[3.768s] running install_scripts
[3.819s] Installing gps_imu_broadcaster script to /home/tasc/autonav_merge2/src/tasc_autonomy/install/autonomy_sensors/lib/autonomy_sensors
[3.819s] Installing gps_node script to /home/tasc/autonav_merge2/src/tasc_autonomy/install/autonomy_sensors/lib/autonomy_sensors
[3.819s] Installing imu_node script to /home/tasc/autonav_merge2/src/tasc_autonomy/install/autonomy_sensors/lib/autonomy_sensors
[3.820s] writing list of installed files to '/home/tasc/autonav_merge2/src/tasc_autonomy/build/autonomy_sensors/install.log'
[3.911s] Invoked command in '/home/tasc/autonav_merge2/src/tasc_autonomy/autonomy_sensors' returned '0': PYTHONPATH=/home/tasc/autonav_merge2/src/tasc_autonomy/build/autonomy_sensors/prefix_override:/usr/lib/python3/dist-packages/colcon_core/task/python/colcon_distutils_commands:/home/tasc/autonav_merge2/src/tasc_autonomy/install/autonomy_sensors/lib/python3.10/site-packages:${PYTHONPATH} /usr/bin/python3 -W ignore:setup.py install is deprecated -W ignore:easy_install command is deprecated setup.py egg_info --egg-base ../build/autonomy_sensors build --build-base /home/tasc/autonav_merge2/src/tasc_autonomy/build/autonomy_sensors/build install --record /home/tasc/autonav_merge2/src/tasc_autonomy/build/autonomy_sensors/install.log --single-version-externally-managed install_data
