[3.225s] Invoking command in '/home/tasc/autonav_merge2/src/tasc_autonomy/autonomy_sensors': PYTHONPATH=/home/tasc/autonav_merge2/src/tasc_autonomy/build/autonomy_sensors/prefix_override:/usr/lib/python3/dist-packages/colcon_core/task/python/colcon_distutils_commands:/home/tasc/autonav_merge2/src/tasc_autonomy/install/autonomy_sensors/lib/python3.10/site-packages:${PYTHONPATH} /usr/bin/python3 -W ignore:setup.py install is deprecated -W ignore:easy_install command is deprecated setup.py egg_info --egg-base ../build/autonomy_sensors build --build-base /home/tasc/autonav_merge2/src/tasc_autonomy/build/autonomy_sensors/build install --record /home/tasc/autonav_merge2/src/tasc_autonomy/build/autonomy_sensors/install.log --single-version-externally-managed install_data
[3.878s] running egg_info
[3.880s] writing ../build/autonomy_sensors/autonomy_sensors.egg-info/PKG-INFO
[3.880s] writing dependency_links to ../build/autonomy_sensors/autonomy_sensors.egg-info/dependency_links.txt
[3.882s] writing entry points to ../build/autonomy_sensors/autonomy_sensors.egg-info/entry_points.txt
[3.882s] writing requirements to ../build/autonomy_sensors/autonomy_sensors.egg-info/requires.txt
[3.882s] writing top-level names to ../build/autonomy_sensors/autonomy_sensors.egg-info/top_level.txt
[3.886s] reading manifest file '../build/autonomy_sensors/autonomy_sensors.egg-info/SOURCES.txt'
[3.887s] adding license file 'LICENSE'
[3.889s] writing manifest file '../build/autonomy_sensors/autonomy_sensors.egg-info/SOURCES.txt'
[3.889s] running build
[3.889s] running build_py
[3.890s] running install
[3.891s] running install_lib
[3.894s] running install_data
[3.895s] running install_egg_info
[3.899s] removing '/home/tasc/autonav_merge2/src/tasc_autonomy/install/autonomy_sensors/lib/python3.10/site-packages/autonomy_sensors-0.0.0-py3.10.egg-info' (and everything under it)
[3.900s] Copying ../build/autonomy_sensors/autonomy_sensors.egg-info to /home/tasc/autonav_merge2/src/tasc_autonomy/install/autonomy_sensors/lib/python3.10/site-packages/autonomy_sensors-0.0.0-py3.10.egg-info
[3.902s] running install_scripts
[3.953s] Installing gps_imu_broadcaster script to /home/tasc/autonav_merge2/src/tasc_autonomy/install/autonomy_sensors/lib/autonomy_sensors
[3.954s] Installing gps_node script to /home/tasc/autonav_merge2/src/tasc_autonomy/install/autonomy_sensors/lib/autonomy_sensors
[3.954s] Installing imu_node script to /home/tasc/autonav_merge2/src/tasc_autonomy/install/autonomy_sensors/lib/autonomy_sensors
[3.955s] writing list of installed files to '/home/tasc/autonav_merge2/src/tasc_autonomy/build/autonomy_sensors/install.log'
[4.075s] Invoked command in '/home/tasc/autonav_merge2/src/tasc_autonomy/autonomy_sensors' returned '0': PYTHONPATH=/home/tasc/autonav_merge2/src/tasc_autonomy/build/autonomy_sensors/prefix_override:/usr/lib/python3/dist-packages/colcon_core/task/python/colcon_distutils_commands:/home/tasc/autonav_merge2/src/tasc_autonomy/install/autonomy_sensors/lib/python3.10/site-packages:${PYTHONPATH} /usr/bin/python3 -W ignore:setup.py install is deprecated -W ignore:easy_install command is deprecated setup.py egg_info --egg-base ../build/autonomy_sensors build --build-base /home/tasc/autonav_merge2/src/tasc_autonomy/build/autonomy_sensors/build install --record /home/tasc/autonav_merge2/src/tasc_autonomy/build/autonomy_sensors/install.log --single-version-externally-managed install_data
