[2.084s] Invoking command in '/home/tasc/autonav_merge2/src/tasc_autonomy/build/gps_tracker': CMAKE_PREFIX_PATH=${CMAKE_PREFIX_PATH}:/home/tasc/autonav_merge2/install/autonomy_vision:/home/tasc/autonav_merge2/install/autonomy_sensors:/home/tasc/autonav_merge2/install/autonomy_bringup:/home/tasc/asimov/install/rover_dashboard:/home/tasc/asimov/install/drive_bringup:/home/tasc/asimov/install/drive_control:/opt/ros/humble /usr/bin/cmake /home/tasc/autonav_merge2/src/tasc_autonomy/gps_tracker -DCMAKE_INSTALL_PREFIX=/home/tasc/autonav_merge2/src/tasc_autonomy/install/gps_tracker
[2.268s] -- The C compiler identification is GNU 11.4.0
[2.412s] -- The CXX compiler identification is GNU 11.4.0
[2.430s] -- Detecting C compiler ABI info
[2.566s] -- Detecting C compiler ABI info - done
[2.580s] -- Check for working C compiler: /usr/bin/cc - skipped
[2.580s] -- Detecting C compile features
[2.581s] -- Detecting C compile features - done
[2.588s] -- Detecting CXX compiler ABI info
[2.744s] -- Detecting CXX compiler ABI info - done
[2.759s] -- Check for working CXX compiler: /usr/bin/c++ - skipped
[2.759s] -- Detecting CXX compile features
[2.760s] -- Detecting CXX compile features - done
[2.769s] -- Found ament_cmake: 1.3.11 (/opt/ros/humble/share/ament_cmake/cmake)
[3.143s] -- Found Python3: /usr/bin/python3 (found version "3.10.12") found components: Interpreter 
[3.402s] -- Found rclcpp: 16.0.12 (/opt/ros/humble/share/rclcpp/cmake)
[3.522s] -- Found rosidl_generator_c: 3.1.6 (/opt/ros/humble/share/rosidl_generator_c/cmake)
[3.536s] -- Found rosidl_adapter: 3.1.6 (/opt/ros/humble/share/rosidl_adapter/cmake)
[3.560s] -- Found rosidl_generator_cpp: 3.1.6 (/opt/ros/humble/share/rosidl_generator_cpp/cmake)
[3.594s] -- Using all available rosidl_typesupport_c: rosidl_typesupport_fastrtps_c;rosidl_typesupport_introspection_c
[3.638s] -- Using all available rosidl_typesupport_cpp: rosidl_typesupport_fastrtps_cpp;rosidl_typesupport_introspection_cpp
[3.759s] -- Found rmw_implementation_cmake: 6.1.2 (/opt/ros/humble/share/rmw_implementation_cmake/cmake)
[3.768s] -- Found rmw_fastrtps_cpp: 6.2.7 (/opt/ros/humble/share/rmw_fastrtps_cpp/cmake)
[3.968s] -- Found OpenSSL: /usr/lib/aarch64-linux-gnu/libcrypto.so (found version "3.0.2")  
[4.033s] -- Found FastRTPS: /opt/ros/humble/include  
[4.125s] -- Using RMW implementation 'rmw_fastrtps_cpp' as default
[4.150s] -- Looking for pthread.h
[4.300s] -- Looking for pthread.h - found
[4.301s] -- Performing Test CMAKE_HAVE_LIBC_PTHREAD
[4.458s] -- Performing Test CMAKE_HAVE_LIBC_PTHREAD - Success
[4.461s] -- Found Threads: TRUE  
[4.604s] -- Found sensor_msgs: 4.8.0 (/opt/ros/humble/share/sensor_msgs/cmake)
[4.677s] -- Found nav_msgs: 4.8.0 (/opt/ros/humble/share/nav_msgs/cmake)
[4.724s] -- Found ament_lint_auto: 0.12.12 (/opt/ros/humble/share/ament_lint_auto/cmake)
[4.942s] -- Added test 'cppcheck' to perform static code analysis on C / C++ code
[4.943s] -- Configured cppcheck include dirs: 
[4.943s] -- Configured cppcheck exclude dirs and/or files: 
[4.944s] -- Added test 'flake8' to check Python code syntax and style conventions
[4.946s] -- Added test 'lint_cmake' to check CMake code style
[4.947s] -- Added test 'pep257' to check Python code against some of the docstring style conventions in PEP 257
[4.949s] -- Added test 'uncrustify' to check C / C++ code style
[4.950s] -- Configured uncrustify additional arguments: 
[4.951s] -- Added test 'xmllint' to check XML markup files
[4.955s] -- Configuring done
[4.989s] -- Generating done
[5.000s] -- Build files have been written to: /home/tasc/autonav_merge2/src/tasc_autonomy/build/gps_tracker
[5.024s] Invoked command in '/home/tasc/autonav_merge2/src/tasc_autonomy/build/gps_tracker' returned '0': CMAKE_PREFIX_PATH=${CMAKE_PREFIX_PATH}:/home/tasc/autonav_merge2/install/autonomy_vision:/home/tasc/autonav_merge2/install/autonomy_sensors:/home/tasc/autonav_merge2/install/autonomy_bringup:/home/tasc/asimov/install/rover_dashboard:/home/tasc/asimov/install/drive_bringup:/home/tasc/asimov/install/drive_control:/opt/ros/humble /usr/bin/cmake /home/tasc/autonav_merge2/src/tasc_autonomy/gps_tracker -DCMAKE_INSTALL_PREFIX=/home/tasc/autonav_merge2/src/tasc_autonomy/install/gps_tracker
[5.030s] Invoking command in '/home/tasc/autonav_merge2/src/tasc_autonomy/build/gps_tracker': CMAKE_PREFIX_PATH=${CMAKE_PREFIX_PATH}:/home/tasc/autonav_merge2/install/autonomy_vision:/home/tasc/autonav_merge2/install/autonomy_sensors:/home/tasc/autonav_merge2/install/autonomy_bringup:/home/tasc/asimov/install/rover_dashboard:/home/tasc/asimov/install/drive_bringup:/home/tasc/asimov/install/drive_control:/opt/ros/humble /usr/bin/cmake --build /home/tasc/autonav_merge2/src/tasc_autonomy/build/gps_tracker -- -j6 -l6
[5.129s] [ 50%] [32mBuilding CXX object CMakeFiles/route_logger.dir/src/route_logger.cpp.o[0m
[5.129s] [ 50%] [32mBuilding CXX object CMakeFiles/fake_gps.dir/src/gps_publisher.cpp.o[0m
[15.476s] [ 75%] [32m[1mLinking CXX executable fake_gps[0m
[15.903s] [ 75%] Built target fake_gps
[25.294s] [100%] [32m[1mLinking CXX executable route_logger[0m
[26.188s] [100%] Built target route_logger
[26.213s] Invoked command in '/home/tasc/autonav_merge2/src/tasc_autonomy/build/gps_tracker' returned '0': CMAKE_PREFIX_PATH=${CMAKE_PREFIX_PATH}:/home/tasc/autonav_merge2/install/autonomy_vision:/home/tasc/autonav_merge2/install/autonomy_sensors:/home/tasc/autonav_merge2/install/autonomy_bringup:/home/tasc/asimov/install/rover_dashboard:/home/tasc/asimov/install/drive_bringup:/home/tasc/asimov/install/drive_control:/opt/ros/humble /usr/bin/cmake --build /home/tasc/autonav_merge2/src/tasc_autonomy/build/gps_tracker -- -j6 -l6
[26.234s] Invoking command in '/home/tasc/autonav_merge2/src/tasc_autonomy/build/gps_tracker': CMAKE_PREFIX_PATH=${CMAKE_PREFIX_PATH}:/home/tasc/autonav_merge2/install/autonomy_vision:/home/tasc/autonav_merge2/install/autonomy_sensors:/home/tasc/autonav_merge2/install/autonomy_bringup:/home/tasc/asimov/install/rover_dashboard:/home/tasc/asimov/install/drive_bringup:/home/tasc/asimov/install/drive_control:/opt/ros/humble /usr/bin/cmake --install /home/tasc/autonav_merge2/src/tasc_autonomy/build/gps_tracker
[26.251s] -- Install configuration: ""
[26.251s] -- Installing: /home/tasc/autonav_merge2/src/tasc_autonomy/install/gps_tracker/lib/gps_tracker/fake_gps
[26.254s] -- Set runtime path of "/home/tasc/autonav_merge2/src/tasc_autonomy/install/gps_tracker/lib/gps_tracker/fake_gps" to ""
[26.254s] -- Installing: /home/tasc/autonav_merge2/src/tasc_autonomy/install/gps_tracker/lib/gps_tracker/route_logger
[26.262s] -- Set runtime path of "/home/tasc/autonav_merge2/src/tasc_autonomy/install/gps_tracker/lib/gps_tracker/route_logger" to ""
[26.263s] -- Installing: /home/tasc/autonav_merge2/src/tasc_autonomy/install/gps_tracker/share/gps_tracker//launch
[26.263s] -- Installing: /home/tasc/autonav_merge2/src/tasc_autonomy/install/gps_tracker/share/gps_tracker//launch/gps_tracker.launch.py
[26.264s] -- Installing: /home/tasc/autonav_merge2/src/tasc_autonomy/install/gps_tracker/share/ament_index/resource_index/package_run_dependencies/gps_tracker
[26.264s] -- Installing: /home/tasc/autonav_merge2/src/tasc_autonomy/install/gps_tracker/share/ament_index/resource_index/parent_prefix_path/gps_tracker
[26.264s] -- Installing: /home/tasc/autonav_merge2/src/tasc_autonomy/install/gps_tracker/share/gps_tracker/environment/ament_prefix_path.sh
[26.265s] -- Installing: /home/tasc/autonav_merge2/src/tasc_autonomy/install/gps_tracker/share/gps_tracker/environment/ament_prefix_path.dsv
[26.265s] -- Installing: /home/tasc/autonav_merge2/src/tasc_autonomy/install/gps_tracker/share/gps_tracker/environment/path.sh
[26.265s] -- Installing: /home/tasc/autonav_merge2/src/tasc_autonomy/install/gps_tracker/share/gps_tracker/environment/path.dsv
[26.266s] -- Installing: /home/tasc/autonav_merge2/src/tasc_autonomy/install/gps_tracker/share/gps_tracker/local_setup.bash
[26.266s] -- Installing: /home/tasc/autonav_merge2/src/tasc_autonomy/install/gps_tracker/share/gps_tracker/local_setup.sh
[26.266s] -- Installing: /home/tasc/autonav_merge2/src/tasc_autonomy/install/gps_tracker/share/gps_tracker/local_setup.zsh
[26.266s] -- Installing: /home/tasc/autonav_merge2/src/tasc_autonomy/install/gps_tracker/share/gps_tracker/local_setup.dsv
[26.267s] -- Installing: /home/tasc/autonav_merge2/src/tasc_autonomy/install/gps_tracker/share/gps_tracker/package.dsv
[26.267s] -- Installing: /home/tasc/autonav_merge2/src/tasc_autonomy/install/gps_tracker/share/ament_index/resource_index/packages/gps_tracker
[26.267s] -- Installing: /home/tasc/autonav_merge2/src/tasc_autonomy/install/gps_tracker/share/gps_tracker/cmake/gps_trackerConfig.cmake
[26.268s] -- Installing: /home/tasc/autonav_merge2/src/tasc_autonomy/install/gps_tracker/share/gps_tracker/cmake/gps_trackerConfig-version.cmake
[26.268s] -- Installing: /home/tasc/autonav_merge2/src/tasc_autonomy/install/gps_tracker/share/gps_tracker/package.xml
[26.274s] Invoked command in '/home/tasc/autonav_merge2/src/tasc_autonomy/build/gps_tracker' returned '0': CMAKE_PREFIX_PATH=${CMAKE_PREFIX_PATH}:/home/tasc/autonav_merge2/install/autonomy_vision:/home/tasc/autonav_merge2/install/autonomy_sensors:/home/tasc/autonav_merge2/install/autonomy_bringup:/home/tasc/asimov/install/rover_dashboard:/home/tasc/asimov/install/drive_bringup:/home/tasc/asimov/install/drive_control:/opt/ros/humble /usr/bin/cmake --install /home/tasc/autonav_merge2/src/tasc_autonomy/build/gps_tracker
