running egg_info
writing ../build/autonomy_vision/autonomy_vision.egg-info/PKG-INFO
writing dependency_links to ../build/autonomy_vision/autonomy_vision.egg-info/dependency_links.txt
writing entry points to ../build/autonomy_vision/autonomy_vision.egg-info/entry_points.txt
writing requirements to ../build/autonomy_vision/autonomy_vision.egg-info/requires.txt
writing top-level names to ../build/autonomy_vision/autonomy_vision.egg-info/top_level.txt
reading manifest file '../build/autonomy_vision/autonomy_vision.egg-info/SOURCES.txt'
writing manifest file '../build/autonomy_vision/autonomy_vision.egg-info/SOURCES.txt'
running build
running build_py
copying autonomy_vision/multi_camera_streamer.py -> /home/tasc/autonav_merge2/src/tasc_autonomy/build/autonomy_vision/build/lib/autonomy_vision
running install
running install_lib
copying /home/tasc/autonav_merge2/src/tasc_autonomy/build/autonomy_vision/build/lib/autonomy_vision/multi_camera_streamer.py -> /home/tasc/autonav_merge2/src/tasc_autonomy/install/autonomy_vision/lib/python3.10/site-packages/autonomy_vision
byte-compiling /home/tasc/autonav_merge2/src/tasc_autonomy/install/autonomy_vision/lib/python3.10/site-packages/autonomy_vision/multi_camera_streamer.py to multi_camera_streamer.cpython-310.pyc
running install_data
running install_egg_info
removing '/home/tasc/autonav_merge2/src/tasc_autonomy/install/autonomy_vision/lib/python3.10/site-packages/autonomy_vision-0.0.0-py3.10.egg-info' (and everything under it)
Copying ../build/autonomy_vision/autonomy_vision.egg-info to /home/tasc/autonav_merge2/src/tasc_autonomy/install/autonomy_vision/lib/python3.10/site-packages/autonomy_vision-0.0.0-py3.10.egg-info
running install_scripts
Installing morse_code_detector script to /home/tasc/autonav_merge2/src/tasc_autonomy/install/autonomy_vision/lib/autonomy_vision
Installing motor_controller script to /home/tasc/autonav_merge2/src/tasc_autonomy/install/autonomy_vision/lib/autonomy_vision
Installing motor_input script to /home/tasc/autonav_merge2/src/tasc_autonomy/install/autonomy_vision/lib/autonomy_vision
Installing multi_camera_streamer script to /home/tasc/autonav_merge2/src/tasc_autonomy/install/autonomy_vision/lib/autonomy_vision
Installing webcam_detection2D script to /home/tasc/autonav_merge2/src/tasc_autonomy/install/autonomy_vision/lib/autonomy_vision
Installing yolo_depth_v1 script to /home/tasc/autonav_merge2/src/tasc_autonomy/install/autonomy_vision/lib/autonomy_vision
Installing yolo_pc script to /home/tasc/autonav_merge2/src/tasc_autonomy/install/autonomy_vision/lib/autonomy_vision
writing list of installed files to '/home/tasc/autonav_merge2/src/tasc_autonomy/build/autonomy_vision/install.log'
