[0.647s] DEBUG:colcon:Command line arguments: ['/usr/bin/colcon', 'build', '--symlink-install']
[0.647s] DEBUG:colcon:Parsed command line arguments: Namespace(log_base=None, log_level=None, verb_name='build', build_base='build', install_base='install', merge_install=False, symlink_install=True, test_result_base=None, continue_on_error=False, executor='parallel', parallel_workers=4, event_handlers=None, ignore_user_meta=False, metas=['./colcon.meta'], base_paths=['.'], packages_ignore=None, packages_ignore_regex=None, paths=None, packages_up_to=None, packages_up_to_regex=None, packages_above=None, packages_above_and_dependencies=None, packages_above_depth=None, packages_select_by_dep=None, packages_skip_by_dep=None, packages_skip_up_to=None, packages_select_build_failed=False, packages_skip_build_finished=False, packages_select_test_failures=False, packages_skip_test_passed=False, packages_select=None, packages_skip=None, packages_select_regex=None, packages_skip_regex=None, packages_start=None, packages_end=None, allow_overriding=[], cmake_args=None, cmake_target=None, cmake_target_skip_unavailable=False, cmake_clean_cache=False, cmake_clean_first=False, cmake_force_configure=False, ament_cmake_args=None, catkin_cmake_args=None, catkin_skip_building_tests=False, mixin_files=None, mixin=None, verb_parser=<colcon_mixin.mixin.mixin_argument.MixinArgumentDecorator object at 0x7faf95d692a0>, verb_extension=<colcon_core.verb.build.BuildVerb object at 0x7faf95d68df0>, main=<bound method BuildVerb.main of <colcon_core.verb.build.BuildVerb object at 0x7faf95d68df0>>, mixin_verb=('build',))
[0.996s] Level 1:colcon.colcon_core.package_discovery:discover_packages(colcon_meta) check parameters
[0.996s] Level 1:colcon.colcon_core.package_discovery:discover_packages(recursive) check parameters
[0.996s] Level 1:colcon.colcon_core.package_discovery:discover_packages(ignore) check parameters
[0.996s] Level 1:colcon.colcon_core.package_discovery:discover_packages(path) check parameters
[0.996s] Level 1:colcon.colcon_core.package_discovery:discover_packages(colcon_meta) discover
[0.996s] Level 1:colcon.colcon_core.package_discovery:discover_packages(recursive) discover
[0.997s] INFO:colcon.colcon_core.package_discovery:Crawling recursively for packages in '/home/raybans123/tasc_autonomy/orbbec_gemini2'
[0.997s] Level 1:colcon.colcon_core.package_identification:_identify(.) by extensions ['ignore', 'ignore_ament_install']
[0.997s] Level 1:colcon.colcon_core.package_identification:_identify(.) by extension 'ignore'
[0.997s] Level 1:colcon.colcon_core.package_identification:_identify(.) by extension 'ignore_ament_install'
[0.997s] Level 1:colcon.colcon_core.package_identification:_identify(.) by extensions ['colcon_pkg']
[0.997s] Level 1:colcon.colcon_core.package_identification:_identify(.) by extension 'colcon_pkg'
[0.997s] Level 1:colcon.colcon_core.package_identification:_identify(.) by extensions ['colcon_meta']
[0.997s] Level 1:colcon.colcon_core.package_identification:_identify(.) by extension 'colcon_meta'
[0.997s] Level 1:colcon.colcon_core.package_identification:_identify(.) by extensions ['ros']
[0.997s] Level 1:colcon.colcon_core.package_identification:_identify(.) by extension 'ros'
[1.024s] DEBUG:colcon.colcon_core.package_identification:Package '.' with type 'ros.ament_cmake' and name 'orbbec_gemini2'
[1.024s] Level 1:colcon.colcon_core.package_discovery:discover_packages(recursive) using defaults
[1.024s] Level 1:colcon.colcon_core.package_discovery:discover_packages(ignore) discover
[1.024s] Level 1:colcon.colcon_core.package_discovery:discover_packages(ignore) using defaults
[1.024s] Level 1:colcon.colcon_core.package_discovery:discover_packages(path) discover
[1.024s] Level 1:colcon.colcon_core.package_discovery:discover_packages(path) using defaults
[1.112s] Level 1:colcon.colcon_core.package_discovery:discover_packages(prefix_path) check parameters
[1.113s] Level 1:colcon.colcon_core.package_discovery:discover_packages(prefix_path) discover
[1.124s] DEBUG:colcon.colcon_installed_package_information.package_discovery:Found 273 installed packages in /opt/ros/humble
[1.126s] Level 1:colcon.colcon_core.package_discovery:discover_packages(prefix_path) using defaults
[1.192s] Level 5:colcon.colcon_core.verb:set package 'orbbec_gemini2' build argument 'cmake_args' from command line to 'None'
[1.192s] Level 5:colcon.colcon_core.verb:set package 'orbbec_gemini2' build argument 'cmake_target' from command line to 'None'
[1.192s] Level 5:colcon.colcon_core.verb:set package 'orbbec_gemini2' build argument 'cmake_target_skip_unavailable' from command line to 'False'
[1.192s] Level 5:colcon.colcon_core.verb:set package 'orbbec_gemini2' build argument 'cmake_clean_cache' from command line to 'False'
[1.192s] Level 5:colcon.colcon_core.verb:set package 'orbbec_gemini2' build argument 'cmake_clean_first' from command line to 'False'
[1.192s] Level 5:colcon.colcon_core.verb:set package 'orbbec_gemini2' build argument 'cmake_force_configure' from command line to 'False'
[1.192s] Level 5:colcon.colcon_core.verb:set package 'orbbec_gemini2' build argument 'ament_cmake_args' from command line to 'None'
[1.192s] Level 5:colcon.colcon_core.verb:set package 'orbbec_gemini2' build argument 'catkin_cmake_args' from command line to 'None'
[1.192s] Level 5:colcon.colcon_core.verb:set package 'orbbec_gemini2' build argument 'catkin_skip_building_tests' from command line to 'False'
[1.192s] DEBUG:colcon.colcon_core.verb:Building package 'orbbec_gemini2' with the following arguments: {'ament_cmake_args': None, 'build_base': '/home/raybans123/tasc_autonomy/orbbec_gemini2/build/orbbec_gemini2', 'catkin_cmake_args': None, 'catkin_skip_building_tests': False, 'cmake_args': None, 'cmake_clean_cache': False, 'cmake_clean_first': False, 'cmake_force_configure': False, 'cmake_target': None, 'cmake_target_skip_unavailable': False, 'install_base': '/home/raybans123/tasc_autonomy/orbbec_gemini2/install/orbbec_gemini2', 'merge_install': False, 'path': '/home/raybans123/tasc_autonomy/orbbec_gemini2', 'symlink_install': True, 'test_result_base': None}
[1.193s] INFO:colcon.colcon_core.executor:Executing jobs using 'parallel' executor
[1.194s] DEBUG:colcon.colcon_parallel_executor.executor.parallel:run_until_complete
[1.195s] INFO:colcon.colcon_ros.task.ament_cmake.build:Building ROS package in '/home/raybans123/tasc_autonomy/orbbec_gemini2' with build type 'ament_cmake'
[1.195s] INFO:colcon.colcon_cmake.task.cmake.build:Building CMake package in '/home/raybans123/tasc_autonomy/orbbec_gemini2'
[1.216s] INFO:colcon.colcon_core.plugin_system:Skipping extension 'colcon_core.shell.bat': Not used on non-Windows systems
[1.216s] INFO:colcon.colcon_core.shell:Skip shell extension 'powershell' for command environment: Not usable outside of PowerShell
[1.216s] DEBUG:colcon.colcon_core.shell:Skip shell extension 'dsv' for command environment
[1.240s] DEBUG:colcon.colcon_core.event_handler.log_command:Invoking command in '/home/raybans123/tasc_autonomy/orbbec_gemini2/build/orbbec_gemini2': CMAKE_PREFIX_PATH=/opt/ros/humble /usr/bin/cmake /home/raybans123/tasc_autonomy/orbbec_gemini2 -DAMENT_CMAKE_SYMLINK_INSTALL=1 -DCMAKE_INSTALL_PREFIX=/home/raybans123/tasc_autonomy/orbbec_gemini2/install/orbbec_gemini2
[5.054s] DEBUG:colcon.colcon_core.event_handler.log_command:Invoked command in '/home/raybans123/tasc_autonomy/orbbec_gemini2/build/orbbec_gemini2' returned '1': CMAKE_PREFIX_PATH=/opt/ros/humble /usr/bin/cmake /home/raybans123/tasc_autonomy/orbbec_gemini2 -DAMENT_CMAKE_SYMLINK_INSTALL=1 -DCMAKE_INSTALL_PREFIX=/home/raybans123/tasc_autonomy/orbbec_gemini2/install/orbbec_gemini2
[5.088s] Level 1:colcon.colcon_core.environment:create_environment_scripts_only(orbbec_gemini2)
[5.126s] Level 1:colcon.colcon_core.environment:checking '/home/raybans123/tasc_autonomy/orbbec_gemini2/install/orbbec_gemini2' for CMake module files
[5.127s] Level 1:colcon.colcon_core.environment:checking '/home/raybans123/tasc_autonomy/orbbec_gemini2/install/orbbec_gemini2' for CMake config files
[5.127s] Level 1:colcon.colcon_core.environment:checking '/home/raybans123/tasc_autonomy/orbbec_gemini2/install/orbbec_gemini2/bin'
[5.127s] Level 1:colcon.colcon_core.environment:checking '/home/raybans123/tasc_autonomy/orbbec_gemini2/install/orbbec_gemini2/lib/pkgconfig/orbbec_gemini2.pc'
[5.128s] Level 1:colcon.colcon_core.environment:checking '/home/raybans123/tasc_autonomy/orbbec_gemini2/install/orbbec_gemini2/lib/python3.10/site-packages'
[5.128s] Level 1:colcon.colcon_core.environment:checking '/home/raybans123/tasc_autonomy/orbbec_gemini2/install/orbbec_gemini2/bin'
[5.129s] INFO:colcon.colcon_core.shell:Creating package script '/home/raybans123/tasc_autonomy/orbbec_gemini2/install/orbbec_gemini2/share/orbbec_gemini2/package.ps1'
[5.134s] INFO:colcon.colcon_core.shell:Creating package descriptor '/home/raybans123/tasc_autonomy/orbbec_gemini2/install/orbbec_gemini2/share/orbbec_gemini2/package.dsv'
[5.136s] INFO:colcon.colcon_core.shell:Creating package script '/home/raybans123/tasc_autonomy/orbbec_gemini2/install/orbbec_gemini2/share/orbbec_gemini2/package.sh'
[5.138s] INFO:colcon.colcon_core.shell:Creating package script '/home/raybans123/tasc_autonomy/orbbec_gemini2/install/orbbec_gemini2/share/orbbec_gemini2/package.bash'
[5.142s] INFO:colcon.colcon_core.shell:Creating package script '/home/raybans123/tasc_autonomy/orbbec_gemini2/install/orbbec_gemini2/share/orbbec_gemini2/package.zsh'
[5.146s] Level 1:colcon.colcon_core.environment:create_file_with_runtime_dependencies(/home/raybans123/tasc_autonomy/orbbec_gemini2/install/orbbec_gemini2/share/colcon-core/packages/orbbec_gemini2)
[5.158s] DEBUG:colcon.colcon_parallel_executor.executor.parallel:closing loop
[5.159s] DEBUG:colcon.colcon_parallel_executor.executor.parallel:loop closed
[5.159s] DEBUG:colcon.colcon_parallel_executor.executor.parallel:run_until_complete finished with '1'
[5.159s] DEBUG:colcon.colcon_core.event_reactor:joining thread
[5.203s] INFO:colcon.colcon_core.plugin_system:Skipping extension 'colcon_notification.desktop_notification.terminal_notifier': Not used on non-Darwin systems
[5.203s] INFO:colcon.colcon_core.plugin_system:Skipping extension 'colcon_notification.desktop_notification.win32': Not used on non-Windows systems
[5.203s] INFO:colcon.colcon_notification.desktop_notification:Sending desktop notification using 'notify2'
[5.351s] DEBUG:colcon.colcon_core.event_reactor:joined thread
[5.352s] INFO:colcon.colcon_core.shell:Creating prefix script '/home/raybans123/tasc_autonomy/orbbec_gemini2/install/local_setup.ps1'
[5.354s] INFO:colcon.colcon_core.shell:Creating prefix util module '/home/raybans123/tasc_autonomy/orbbec_gemini2/install/_local_setup_util_ps1.py'
[5.358s] INFO:colcon.colcon_core.shell:Creating prefix chain script '/home/raybans123/tasc_autonomy/orbbec_gemini2/install/setup.ps1'
[5.361s] INFO:colcon.colcon_core.shell:Creating prefix script '/home/raybans123/tasc_autonomy/orbbec_gemini2/install/local_setup.sh'
[5.365s] INFO:colcon.colcon_core.shell:Creating prefix util module '/home/raybans123/tasc_autonomy/orbbec_gemini2/install/_local_setup_util_sh.py'
[5.366s] INFO:colcon.colcon_core.shell:Creating prefix chain script '/home/raybans123/tasc_autonomy/orbbec_gemini2/install/setup.sh'
[5.370s] INFO:colcon.colcon_core.shell:Creating prefix script '/home/raybans123/tasc_autonomy/orbbec_gemini2/install/local_setup.bash'
[5.372s] INFO:colcon.colcon_core.shell:Creating prefix chain script '/home/raybans123/tasc_autonomy/orbbec_gemini2/install/setup.bash'
[5.374s] INFO:colcon.colcon_core.shell:Creating prefix script '/home/raybans123/tasc_autonomy/orbbec_gemini2/install/local_setup.zsh'
[5.376s] INFO:colcon.colcon_core.shell:Creating prefix chain script '/home/raybans123/tasc_autonomy/orbbec_gemini2/install/setup.zsh'
