[0.359s] DEBUG:colcon:Command line arguments: ['/usr/bin/colcon', 'build']
[0.359s] DEBUG:colcon:Parsed command line arguments: Namespace(log_base=None, log_level=None, verb_name='build', build_base='build', install_base='install', merge_install=False, symlink_install=False, test_result_base=None, continue_on_error=False, executor='parallel', parallel_workers=6, event_handlers=None, ignore_user_meta=False, metas=['./colcon.meta'], base_paths=['.'], packages_ignore=None, packages_ignore_regex=None, paths=None, packages_up_to=None, packages_up_to_regex=None, packages_above=None, packages_above_and_dependencies=None, packages_above_depth=None, packages_select_by_dep=None, packages_skip_by_dep=None, packages_skip_up_to=None, packages_select_build_failed=False, packages_skip_build_finished=False, packages_select_test_failures=False, packages_skip_test_passed=False, packages_select=None, packages_skip=None, packages_select_regex=None, packages_skip_regex=None, packages_start=None, packages_end=None, allow_overriding=[], cmake_args=None, cmake_target=None, cmake_target_skip_unavailable=False, cmake_clean_cache=False, cmake_clean_first=False, cmake_force_configure=False, ament_cmake_args=None, catkin_cmake_args=None, catkin_skip_building_tests=False, mixin_files=None, mixin=None, verb_parser=<colcon_mixin.mixin.mixin_argument.MixinArgumentDecorator object at 0xffffa0a3b820>, verb_extension=<colcon_core.verb.build.BuildVerb object at 0xffffa0e90190>, main=<bound method BuildVerb.main of <colcon_core.verb.build.BuildVerb object at 0xffffa0e90190>>, mixin_verb=('build',))
[0.850s] Level 1:colcon.colcon_core.package_discovery:discover_packages(colcon_meta) check parameters
[0.850s] Level 1:colcon.colcon_core.package_discovery:discover_packages(recursive) check parameters
[0.850s] Level 1:colcon.colcon_core.package_discovery:discover_packages(ignore) check parameters
[0.851s] Level 1:colcon.colcon_core.package_discovery:discover_packages(path) check parameters
[0.851s] Level 1:colcon.colcon_core.package_discovery:discover_packages(colcon_meta) discover
[0.851s] Level 1:colcon.colcon_core.package_discovery:discover_packages(recursive) discover
[0.851s] INFO:colcon.colcon_core.package_discovery:Crawling recursively for packages in '/home/tasc/autonav_merge2/src/tasc_autonomy'
[0.851s] Level 1:colcon.colcon_core.package_identification:_identify(.) by extensions ['ignore', 'ignore_ament_install']
[0.851s] Level 1:colcon.colcon_core.package_identification:_identify(.) by extension 'ignore'
[0.852s] Level 1:colcon.colcon_core.package_identification:_identify(.) by extension 'ignore_ament_install'
[0.852s] Level 1:colcon.colcon_core.package_identification:_identify(.) by extensions ['colcon_pkg']
[0.852s] Level 1:colcon.colcon_core.package_identification:_identify(.) by extension 'colcon_pkg'
[0.852s] Level 1:colcon.colcon_core.package_identification:_identify(.) by extensions ['colcon_meta']
[0.852s] Level 1:colcon.colcon_core.package_identification:_identify(.) by extension 'colcon_meta'
[0.852s] Level 1:colcon.colcon_core.package_identification:_identify(.) by extensions ['ros']
[0.852s] Level 1:colcon.colcon_core.package_identification:_identify(.) by extension 'ros'
[0.879s] Level 1:colcon.colcon_core.package_identification:_identify(.) by extensions ['cmake', 'python']
[0.879s] Level 1:colcon.colcon_core.package_identification:_identify(.) by extension 'cmake'
[0.879s] Level 1:colcon.colcon_core.package_identification:_identify(.) by extension 'python'
[0.879s] Level 1:colcon.colcon_core.package_identification:_identify(.) by extensions ['python_setup_py']
[0.879s] Level 1:colcon.colcon_core.package_identification:_identify(.) by extension 'python_setup_py'
[0.880s] Level 1:colcon.colcon_core.package_identification:_identify(autonomy_bringup) by extensions ['ignore', 'ignore_ament_install']
[0.880s] Level 1:colcon.colcon_core.package_identification:_identify(autonomy_bringup) by extension 'ignore'
[0.880s] Level 1:colcon.colcon_core.package_identification:_identify(autonomy_bringup) by extension 'ignore_ament_install'
[0.880s] Level 1:colcon.colcon_core.package_identification:_identify(autonomy_bringup) by extensions ['colcon_pkg']
[0.880s] Level 1:colcon.colcon_core.package_identification:_identify(autonomy_bringup) by extension 'colcon_pkg'
[0.881s] Level 1:colcon.colcon_core.package_identification:_identify(autonomy_bringup) by extensions ['colcon_meta']
[0.881s] Level 1:colcon.colcon_core.package_identification:_identify(autonomy_bringup) by extension 'colcon_meta'
[0.881s] Level 1:colcon.colcon_core.package_identification:_identify(autonomy_bringup) by extensions ['ros']
[0.881s] Level 1:colcon.colcon_core.package_identification:_identify(autonomy_bringup) by extension 'ros'
[0.886s] DEBUG:colcon.colcon_core.package_identification:Package 'autonomy_bringup' with type 'ros.ament_python' and name 'autonomy_bringup'
[0.887s] Level 1:colcon.colcon_core.package_identification:_identify(autonomy_sensors) by extensions ['ignore', 'ignore_ament_install']
[0.887s] Level 1:colcon.colcon_core.package_identification:_identify(autonomy_sensors) by extension 'ignore'
[0.887s] Level 1:colcon.colcon_core.package_identification:_identify(autonomy_sensors) by extension 'ignore_ament_install'
[0.887s] Level 1:colcon.colcon_core.package_identification:_identify(autonomy_sensors) by extensions ['colcon_pkg']
[0.888s] Level 1:colcon.colcon_core.package_identification:_identify(autonomy_sensors) by extension 'colcon_pkg'
[0.888s] Level 1:colcon.colcon_core.package_identification:_identify(autonomy_sensors) by extensions ['colcon_meta']
[0.888s] Level 1:colcon.colcon_core.package_identification:_identify(autonomy_sensors) by extension 'colcon_meta'
[0.888s] Level 1:colcon.colcon_core.package_identification:_identify(autonomy_sensors) by extensions ['ros']
[0.888s] Level 1:colcon.colcon_core.package_identification:_identify(autonomy_sensors) by extension 'ros'
[0.889s] DEBUG:colcon.colcon_core.package_identification:Package 'autonomy_sensors' with type 'ros.ament_python' and name 'autonomy_sensors'
[0.890s] Level 1:colcon.colcon_core.package_identification:_identify(autonomy_vision) by extensions ['ignore', 'ignore_ament_install']
[0.890s] Level 1:colcon.colcon_core.package_identification:_identify(autonomy_vision) by extension 'ignore'
[0.890s] Level 1:colcon.colcon_core.package_identification:_identify(autonomy_vision) by extension 'ignore_ament_install'
[0.890s] Level 1:colcon.colcon_core.package_identification:_identify(autonomy_vision) by extensions ['colcon_pkg']
[0.890s] Level 1:colcon.colcon_core.package_identification:_identify(autonomy_vision) by extension 'colcon_pkg'
[0.890s] Level 1:colcon.colcon_core.package_identification:_identify(autonomy_vision) by extensions ['colcon_meta']
[0.890s] Level 1:colcon.colcon_core.package_identification:_identify(autonomy_vision) by extension 'colcon_meta'
[0.891s] Level 1:colcon.colcon_core.package_identification:_identify(autonomy_vision) by extensions ['ros']
[0.891s] Level 1:colcon.colcon_core.package_identification:_identify(autonomy_vision) by extension 'ros'
[0.897s] DEBUG:colcon.colcon_core.package_identification:Package 'autonomy_vision' with type 'ros.ament_python' and name 'autonomy_vision'
[0.897s] Level 1:colcon.colcon_core.package_identification:_identify(build) by extensions ['ignore', 'ignore_ament_install']
[0.897s] Level 1:colcon.colcon_core.package_identification:_identify(build) by extension 'ignore'
[0.897s] Level 1:colcon.colcon_core.package_identification:_identify(build) ignored
[0.898s] Level 1:colcon.colcon_core.package_identification:_identify(gps_tracker) by extensions ['ignore', 'ignore_ament_install']
[0.898s] Level 1:colcon.colcon_core.package_identification:_identify(gps_tracker) by extension 'ignore'
[0.898s] Level 1:colcon.colcon_core.package_identification:_identify(gps_tracker) by extension 'ignore_ament_install'
[0.898s] Level 1:colcon.colcon_core.package_identification:_identify(gps_tracker) by extensions ['colcon_pkg']
[0.898s] Level 1:colcon.colcon_core.package_identification:_identify(gps_tracker) by extension 'colcon_pkg'
[0.898s] Level 1:colcon.colcon_core.package_identification:_identify(gps_tracker) by extensions ['colcon_meta']
[0.899s] Level 1:colcon.colcon_core.package_identification:_identify(gps_tracker) by extension 'colcon_meta'
[0.899s] Level 1:colcon.colcon_core.package_identification:_identify(gps_tracker) by extensions ['ros']
[0.899s] Level 1:colcon.colcon_core.package_identification:_identify(gps_tracker) by extension 'ros'
[0.900s] DEBUG:colcon.colcon_core.package_identification:Package 'gps_tracker' with type 'ros.ament_cmake' and name 'gps_tracker'
[0.901s] Level 1:colcon.colcon_core.package_identification:_identify(install) by extensions ['ignore', 'ignore_ament_install']
[0.901s] Level 1:colcon.colcon_core.package_identification:_identify(install) by extension 'ignore'
[0.901s] Level 1:colcon.colcon_core.package_identification:_identify(install) ignored
[0.901s] Level 1:colcon.colcon_core.package_identification:_identify(log) by extensions ['ignore', 'ignore_ament_install']
[0.902s] Level 1:colcon.colcon_core.package_identification:_identify(log) by extension 'ignore'
[0.902s] Level 1:colcon.colcon_core.package_identification:_identify(log) ignored
[0.902s] Level 1:colcon.colcon_core.package_identification:_identify(test) by extensions ['ignore', 'ignore_ament_install']
[0.902s] Level 1:colcon.colcon_core.package_identification:_identify(test) by extension 'ignore'
[0.902s] Level 1:colcon.colcon_core.package_identification:_identify(test) by extension 'ignore_ament_install'
[0.902s] Level 1:colcon.colcon_core.package_identification:_identify(test) by extensions ['colcon_pkg']
[0.903s] Level 1:colcon.colcon_core.package_identification:_identify(test) by extension 'colcon_pkg'
[0.903s] Level 1:colcon.colcon_core.package_identification:_identify(test) by extensions ['colcon_meta']
[0.903s] Level 1:colcon.colcon_core.package_identification:_identify(test) by extension 'colcon_meta'
[0.903s] Level 1:colcon.colcon_core.package_identification:_identify(test) by extensions ['ros']
[0.903s] Level 1:colcon.colcon_core.package_identification:_identify(test) by extension 'ros'
[0.903s] Level 1:colcon.colcon_core.package_identification:_identify(test) by extensions ['cmake', 'python']
[0.903s] Level 1:colcon.colcon_core.package_identification:_identify(test) by extension 'cmake'
[0.903s] Level 1:colcon.colcon_core.package_identification:_identify(test) by extension 'python'
[0.903s] Level 1:colcon.colcon_core.package_identification:_identify(test) by extensions ['python_setup_py']
[0.904s] Level 1:colcon.colcon_core.package_identification:_identify(test) by extension 'python_setup_py'
[0.904s] Level 1:colcon.colcon_core.package_discovery:discover_packages(recursive) using defaults
[0.904s] Level 1:colcon.colcon_core.package_discovery:discover_packages(ignore) discover
[0.904s] Level 1:colcon.colcon_core.package_discovery:discover_packages(ignore) using defaults
[0.904s] Level 1:colcon.colcon_core.package_discovery:discover_packages(path) discover
[0.904s] Level 1:colcon.colcon_core.package_discovery:discover_packages(path) using defaults
[0.951s] Level 1:colcon.colcon_core.package_discovery:discover_packages(prefix_path) check parameters
[0.952s] Level 1:colcon.colcon_core.package_discovery:discover_packages(prefix_path) discover
[0.957s] DEBUG:colcon.colcon_installed_package_information.package_discovery:Found 4 installed packages in /home/tasc/autonav_merge2/src/tasc_autonomy/install
[0.958s] DEBUG:colcon.colcon_installed_package_information.package_discovery:Found 4 installed packages in /home/tasc/autonav_merge2/install
[0.960s] DEBUG:colcon.colcon_installed_package_information.package_discovery:Found 5 installed packages in /home/tasc/asimov/install
[0.963s] DEBUG:colcon.colcon_installed_package_information.package_discovery:Found 347 installed packages in /opt/ros/humble
[0.966s] Level 1:colcon.colcon_core.package_discovery:discover_packages(prefix_path) using defaults
[1.066s] Level 5:colcon.colcon_core.verb:set package 'autonomy_bringup' build argument 'cmake_args' from command line to 'None'
[1.066s] Level 5:colcon.colcon_core.verb:set package 'autonomy_bringup' build argument 'cmake_target' from command line to 'None'
[1.066s] Level 5:colcon.colcon_core.verb:set package 'autonomy_bringup' build argument 'cmake_target_skip_unavailable' from command line to 'False'
[1.066s] Level 5:colcon.colcon_core.verb:set package 'autonomy_bringup' build argument 'cmake_clean_cache' from command line to 'False'
[1.066s] Level 5:colcon.colcon_core.verb:set package 'autonomy_bringup' build argument 'cmake_clean_first' from command line to 'False'
[1.066s] Level 5:colcon.colcon_core.verb:set package 'autonomy_bringup' build argument 'cmake_force_configure' from command line to 'False'
[1.066s] Level 5:colcon.colcon_core.verb:set package 'autonomy_bringup' build argument 'ament_cmake_args' from command line to 'None'
[1.066s] Level 5:colcon.colcon_core.verb:set package 'autonomy_bringup' build argument 'catkin_cmake_args' from command line to 'None'
[1.066s] Level 5:colcon.colcon_core.verb:set package 'autonomy_bringup' build argument 'catkin_skip_building_tests' from command line to 'False'
[1.066s] DEBUG:colcon.colcon_core.verb:Building package 'autonomy_bringup' with the following arguments: {'ament_cmake_args': None, 'build_base': '/home/tasc/autonav_merge2/src/tasc_autonomy/build/autonomy_bringup', 'catkin_cmake_args': None, 'catkin_skip_building_tests': False, 'cmake_args': None, 'cmake_clean_cache': False, 'cmake_clean_first': False, 'cmake_force_configure': False, 'cmake_target': None, 'cmake_target_skip_unavailable': False, 'install_base': '/home/tasc/autonav_merge2/src/tasc_autonomy/install/autonomy_bringup', 'merge_install': False, 'path': '/home/tasc/autonav_merge2/src/tasc_autonomy/autonomy_bringup', 'symlink_install': False, 'test_result_base': None}
[1.067s] Level 5:colcon.colcon_core.verb:set package 'autonomy_sensors' build argument 'cmake_args' from command line to 'None'
[1.067s] Level 5:colcon.colcon_core.verb:set package 'autonomy_sensors' build argument 'cmake_target' from command line to 'None'
[1.067s] Level 5:colcon.colcon_core.verb:set package 'autonomy_sensors' build argument 'cmake_target_skip_unavailable' from command line to 'False'
[1.067s] Level 5:colcon.colcon_core.verb:set package 'autonomy_sensors' build argument 'cmake_clean_cache' from command line to 'False'
[1.068s] Level 5:colcon.colcon_core.verb:set package 'autonomy_sensors' build argument 'cmake_clean_first' from command line to 'False'
[1.068s] Level 5:colcon.colcon_core.verb:set package 'autonomy_sensors' build argument 'cmake_force_configure' from command line to 'False'
[1.068s] Level 5:colcon.colcon_core.verb:set package 'autonomy_sensors' build argument 'ament_cmake_args' from command line to 'None'
[1.068s] Level 5:colcon.colcon_core.verb:set package 'autonomy_sensors' build argument 'catkin_cmake_args' from command line to 'None'
[1.068s] Level 5:colcon.colcon_core.verb:set package 'autonomy_sensors' build argument 'catkin_skip_building_tests' from command line to 'False'
[1.068s] DEBUG:colcon.colcon_core.verb:Building package 'autonomy_sensors' with the following arguments: {'ament_cmake_args': None, 'build_base': '/home/tasc/autonav_merge2/src/tasc_autonomy/build/autonomy_sensors', 'catkin_cmake_args': None, 'catkin_skip_building_tests': False, 'cmake_args': None, 'cmake_clean_cache': False, 'cmake_clean_first': False, 'cmake_force_configure': False, 'cmake_target': None, 'cmake_target_skip_unavailable': False, 'install_base': '/home/tasc/autonav_merge2/src/tasc_autonomy/install/autonomy_sensors', 'merge_install': False, 'path': '/home/tasc/autonav_merge2/src/tasc_autonomy/autonomy_sensors', 'symlink_install': False, 'test_result_base': None}
[1.069s] Level 5:colcon.colcon_core.verb:set package 'autonomy_vision' build argument 'cmake_args' from command line to 'None'
[1.069s] Level 5:colcon.colcon_core.verb:set package 'autonomy_vision' build argument 'cmake_target' from command line to 'None'
[1.069s] Level 5:colcon.colcon_core.verb:set package 'autonomy_vision' build argument 'cmake_target_skip_unavailable' from command line to 'False'
[1.069s] Level 5:colcon.colcon_core.verb:set package 'autonomy_vision' build argument 'cmake_clean_cache' from command line to 'False'
[1.069s] Level 5:colcon.colcon_core.verb:set package 'autonomy_vision' build argument 'cmake_clean_first' from command line to 'False'
[1.069s] Level 5:colcon.colcon_core.verb:set package 'autonomy_vision' build argument 'cmake_force_configure' from command line to 'False'
[1.069s] Level 5:colcon.colcon_core.verb:set package 'autonomy_vision' build argument 'ament_cmake_args' from command line to 'None'
[1.069s] Level 5:colcon.colcon_core.verb:set package 'autonomy_vision' build argument 'catkin_cmake_args' from command line to 'None'
[1.069s] Level 5:colcon.colcon_core.verb:set package 'autonomy_vision' build argument 'catkin_skip_building_tests' from command line to 'False'
[1.069s] DEBUG:colcon.colcon_core.verb:Building package 'autonomy_vision' with the following arguments: {'ament_cmake_args': None, 'build_base': '/home/tasc/autonav_merge2/src/tasc_autonomy/build/autonomy_vision', 'catkin_cmake_args': None, 'catkin_skip_building_tests': False, 'cmake_args': None, 'cmake_clean_cache': False, 'cmake_clean_first': False, 'cmake_force_configure': False, 'cmake_target': None, 'cmake_target_skip_unavailable': False, 'install_base': '/home/tasc/autonav_merge2/src/tasc_autonomy/install/autonomy_vision', 'merge_install': False, 'path': '/home/tasc/autonav_merge2/src/tasc_autonomy/autonomy_vision', 'symlink_install': False, 'test_result_base': None}
[1.070s] Level 5:colcon.colcon_core.verb:set package 'gps_tracker' build argument 'cmake_args' from command line to 'None'
[1.070s] Level 5:colcon.colcon_core.verb:set package 'gps_tracker' build argument 'cmake_target' from command line to 'None'
[1.070s] Level 5:colcon.colcon_core.verb:set package 'gps_tracker' build argument 'cmake_target_skip_unavailable' from command line to 'False'
[1.070s] Level 5:colcon.colcon_core.verb:set package 'gps_tracker' build argument 'cmake_clean_cache' from command line to 'False'
[1.070s] Level 5:colcon.colcon_core.verb:set package 'gps_tracker' build argument 'cmake_clean_first' from command line to 'False'
[1.070s] Level 5:colcon.colcon_core.verb:set package 'gps_tracker' build argument 'cmake_force_configure' from command line to 'False'
[1.070s] Level 5:colcon.colcon_core.verb:set package 'gps_tracker' build argument 'ament_cmake_args' from command line to 'None'
[1.070s] Level 5:colcon.colcon_core.verb:set package 'gps_tracker' build argument 'catkin_cmake_args' from command line to 'None'
[1.070s] Level 5:colcon.colcon_core.verb:set package 'gps_tracker' build argument 'catkin_skip_building_tests' from command line to 'False'
[1.070s] DEBUG:colcon.colcon_core.verb:Building package 'gps_tracker' with the following arguments: {'ament_cmake_args': None, 'build_base': '/home/tasc/autonav_merge2/src/tasc_autonomy/build/gps_tracker', 'catkin_cmake_args': None, 'catkin_skip_building_tests': False, 'cmake_args': None, 'cmake_clean_cache': False, 'cmake_clean_first': False, 'cmake_force_configure': False, 'cmake_target': None, 'cmake_target_skip_unavailable': False, 'install_base': '/home/tasc/autonav_merge2/src/tasc_autonomy/install/gps_tracker', 'merge_install': False, 'path': '/home/tasc/autonav_merge2/src/tasc_autonomy/gps_tracker', 'symlink_install': False, 'test_result_base': None}
[1.071s] INFO:colcon.colcon_core.executor:Executing jobs using 'parallel' executor
[1.074s] DEBUG:colcon.colcon_parallel_executor.executor.parallel:run_until_complete
[1.075s] INFO:colcon.colcon_ros.task.ament_python.build:Building ROS package in '/home/tasc/autonav_merge2/src/tasc_autonomy/autonomy_bringup' with build type 'ament_python'
[1.075s] Level 1:colcon.colcon_core.shell:create_environment_hook('autonomy_bringup', 'ament_prefix_path')
[1.080s] INFO:colcon.colcon_core.plugin_system:Skipping extension 'colcon_core.shell.bat': Not used on non-Windows systems
[1.081s] INFO:colcon.colcon_core.shell:Creating environment hook '/home/tasc/autonav_merge2/src/tasc_autonomy/install/autonomy_bringup/share/autonomy_bringup/hook/ament_prefix_path.ps1'
[1.082s] INFO:colcon.colcon_core.shell:Creating environment descriptor '/home/tasc/autonav_merge2/src/tasc_autonomy/install/autonomy_bringup/share/autonomy_bringup/hook/ament_prefix_path.dsv'
[1.083s] INFO:colcon.colcon_core.shell:Creating environment hook '/home/tasc/autonav_merge2/src/tasc_autonomy/install/autonomy_bringup/share/autonomy_bringup/hook/ament_prefix_path.sh'
[1.085s] INFO:colcon.colcon_core.shell:Skip shell extension 'powershell' for command environment: Not usable outside of PowerShell
[1.085s] DEBUG:colcon.colcon_core.shell:Skip shell extension 'dsv' for command environment
[1.096s] INFO:colcon.colcon_ros.task.ament_python.build:Building ROS package in '/home/tasc/autonav_merge2/src/tasc_autonomy/autonomy_sensors' with build type 'ament_python'
[1.096s] Level 1:colcon.colcon_core.shell:create_environment_hook('autonomy_sensors', 'ament_prefix_path')
[1.097s] INFO:colcon.colcon_core.shell:Creating environment hook '/home/tasc/autonav_merge2/src/tasc_autonomy/install/autonomy_sensors/share/autonomy_sensors/hook/ament_prefix_path.ps1'
[1.098s] INFO:colcon.colcon_core.shell:Creating environment descriptor '/home/tasc/autonav_merge2/src/tasc_autonomy/install/autonomy_sensors/share/autonomy_sensors/hook/ament_prefix_path.dsv'
[1.099s] INFO:colcon.colcon_core.shell:Creating environment hook '/home/tasc/autonav_merge2/src/tasc_autonomy/install/autonomy_sensors/share/autonomy_sensors/hook/ament_prefix_path.sh'
[1.100s] INFO:colcon.colcon_core.shell:Skip shell extension 'powershell' for command environment: Not usable outside of PowerShell
[1.100s] DEBUG:colcon.colcon_core.shell:Skip shell extension 'dsv' for command environment
[1.110s] INFO:colcon.colcon_ros.task.ament_python.build:Building ROS package in '/home/tasc/autonav_merge2/src/tasc_autonomy/autonomy_vision' with build type 'ament_python'
[1.111s] Level 1:colcon.colcon_core.shell:create_environment_hook('autonomy_vision', 'ament_prefix_path')
[1.111s] INFO:colcon.colcon_core.shell:Creating environment hook '/home/tasc/autonav_merge2/src/tasc_autonomy/install/autonomy_vision/share/autonomy_vision/hook/ament_prefix_path.ps1'
[1.112s] INFO:colcon.colcon_core.shell:Creating environment descriptor '/home/tasc/autonav_merge2/src/tasc_autonomy/install/autonomy_vision/share/autonomy_vision/hook/ament_prefix_path.dsv'
[1.113s] INFO:colcon.colcon_core.shell:Creating environment hook '/home/tasc/autonav_merge2/src/tasc_autonomy/install/autonomy_vision/share/autonomy_vision/hook/ament_prefix_path.sh'
[1.115s] INFO:colcon.colcon_core.shell:Skip shell extension 'powershell' for command environment: Not usable outside of PowerShell
[1.115s] DEBUG:colcon.colcon_core.shell:Skip shell extension 'dsv' for command environment
[1.125s] INFO:colcon.colcon_ros.task.ament_cmake.build:Building ROS package in '/home/tasc/autonav_merge2/src/tasc_autonomy/gps_tracker' with build type 'ament_cmake'
[1.125s] INFO:colcon.colcon_cmake.task.cmake.build:Building CMake package in '/home/tasc/autonav_merge2/src/tasc_autonomy/gps_tracker'
[1.126s] INFO:colcon.colcon_core.shell:Skip shell extension 'powershell' for command environment: Not usable outside of PowerShell
[1.126s] DEBUG:colcon.colcon_core.shell:Skip shell extension 'dsv' for command environment
[1.852s] INFO:colcon.colcon_core.task.python.build:Building Python package in '/home/tasc/autonav_merge2/src/tasc_autonomy/autonomy_bringup'
[1.853s] INFO:colcon.colcon_core.shell:Skip shell extension 'powershell' for command environment: Not usable outside of PowerShell
[1.853s] DEBUG:colcon.colcon_core.shell:Skip shell extension 'dsv' for command environment
[2.570s] INFO:colcon.colcon_core.task.python.build:Building Python package in '/home/tasc/autonav_merge2/src/tasc_autonomy/autonomy_sensors'
[2.571s] INFO:colcon.colcon_core.shell:Skip shell extension 'powershell' for command environment: Not usable outside of PowerShell
[2.571s] DEBUG:colcon.colcon_core.shell:Skip shell extension 'dsv' for command environment
[3.293s] INFO:colcon.colcon_core.task.python.build:Building Python package in '/home/tasc/autonav_merge2/src/tasc_autonomy/autonomy_vision'
[3.294s] INFO:colcon.colcon_core.shell:Skip shell extension 'powershell' for command environment: Not usable outside of PowerShell
[3.294s] DEBUG:colcon.colcon_core.shell:Skip shell extension 'dsv' for command environment
[3.322s] DEBUG:colcon.colcon_core.event_handler.log_command:Invoking command in '/home/tasc/autonav_merge2/src/tasc_autonomy/build/gps_tracker': CMAKE_PREFIX_PATH=${CMAKE_PREFIX_PATH}:/home/tasc/autonav_merge2/src/tasc_autonomy/install/autonomy_vision:/home/tasc/autonav_merge2/src/tasc_autonomy/install/autonomy_sensors:/home/tasc/autonav_merge2/src/tasc_autonomy/install/autonomy_bringup:/home/tasc/autonav_merge2/install/autonomy_vision:/home/tasc/autonav_merge2/install/autonomy_sensors:/home/tasc/autonav_merge2/install/autonomy_bringup:/home/tasc/asimov/install/rover_dashboard:/home/tasc/asimov/install/drive_bringup:/home/tasc/asimov/install/drive_control:/opt/ros/humble /usr/bin/cmake --build /home/tasc/autonav_merge2/src/tasc_autonomy/build/gps_tracker -- -j6 -l6
[3.480s] DEBUG:colcon.colcon_core.event_handler.log_command:Invoked command in '/home/tasc/autonav_merge2/src/tasc_autonomy/build/gps_tracker' returned '0': CMAKE_PREFIX_PATH=${CMAKE_PREFIX_PATH}:/home/tasc/autonav_merge2/src/tasc_autonomy/install/autonomy_vision:/home/tasc/autonav_merge2/src/tasc_autonomy/install/autonomy_sensors:/home/tasc/autonav_merge2/src/tasc_autonomy/install/autonomy_bringup:/home/tasc/autonav_merge2/install/autonomy_vision:/home/tasc/autonav_merge2/install/autonomy_sensors:/home/tasc/autonav_merge2/install/autonomy_bringup:/home/tasc/asimov/install/rover_dashboard:/home/tasc/asimov/install/drive_bringup:/home/tasc/asimov/install/drive_control:/opt/ros/humble /usr/bin/cmake --build /home/tasc/autonav_merge2/src/tasc_autonomy/build/gps_tracker -- -j6 -l6
[3.505s] DEBUG:colcon.colcon_core.event_handler.log_command:Invoking command in '/home/tasc/autonav_merge2/src/tasc_autonomy/build/gps_tracker': CMAKE_PREFIX_PATH=${CMAKE_PREFIX_PATH}:/home/tasc/autonav_merge2/src/tasc_autonomy/install/autonomy_vision:/home/tasc/autonav_merge2/src/tasc_autonomy/install/autonomy_sensors:/home/tasc/autonav_merge2/src/tasc_autonomy/install/autonomy_bringup:/home/tasc/autonav_merge2/install/autonomy_vision:/home/tasc/autonav_merge2/install/autonomy_sensors:/home/tasc/autonav_merge2/install/autonomy_bringup:/home/tasc/asimov/install/rover_dashboard:/home/tasc/asimov/install/drive_bringup:/home/tasc/asimov/install/drive_control:/opt/ros/humble /usr/bin/cmake --install /home/tasc/autonav_merge2/src/tasc_autonomy/build/gps_tracker
[3.530s] Level 1:colcon.colcon_core.environment:create_environment_scripts_only(gps_tracker)
[3.532s] DEBUG:colcon.colcon_core.event_handler.log_command:Invoked command in '/home/tasc/autonav_merge2/src/tasc_autonomy/build/gps_tracker' returned '0': CMAKE_PREFIX_PATH=${CMAKE_PREFIX_PATH}:/home/tasc/autonav_merge2/src/tasc_autonomy/install/autonomy_vision:/home/tasc/autonav_merge2/src/tasc_autonomy/install/autonomy_sensors:/home/tasc/autonav_merge2/src/tasc_autonomy/install/autonomy_bringup:/home/tasc/autonav_merge2/install/autonomy_vision:/home/tasc/autonav_merge2/install/autonomy_sensors:/home/tasc/autonav_merge2/install/autonomy_bringup:/home/tasc/asimov/install/rover_dashboard:/home/tasc/asimov/install/drive_bringup:/home/tasc/asimov/install/drive_control:/opt/ros/humble /usr/bin/cmake --install /home/tasc/autonav_merge2/src/tasc_autonomy/build/gps_tracker
[3.541s] Level 1:colcon.colcon_core.environment:checking '/home/tasc/autonav_merge2/src/tasc_autonomy/install/gps_tracker' for CMake module files
[3.543s] Level 1:colcon.colcon_core.environment:checking '/home/tasc/autonav_merge2/src/tasc_autonomy/install/gps_tracker' for CMake config files
[3.544s] Level 1:colcon.colcon_core.shell:create_environment_hook('gps_tracker', 'cmake_prefix_path')
[3.545s] INFO:colcon.colcon_core.shell:Creating environment hook '/home/tasc/autonav_merge2/src/tasc_autonomy/install/gps_tracker/share/gps_tracker/hook/cmake_prefix_path.ps1'
[3.547s] INFO:colcon.colcon_core.shell:Creating environment descriptor '/home/tasc/autonav_merge2/src/tasc_autonomy/install/gps_tracker/share/gps_tracker/hook/cmake_prefix_path.dsv'
[3.548s] INFO:colcon.colcon_core.shell:Creating environment hook '/home/tasc/autonav_merge2/src/tasc_autonomy/install/gps_tracker/share/gps_tracker/hook/cmake_prefix_path.sh'
[3.551s] Level 1:colcon.colcon_core.environment:checking '/home/tasc/autonav_merge2/src/tasc_autonomy/install/gps_tracker/lib'
[3.552s] Level 1:colcon.colcon_core.environment:checking '/home/tasc/autonav_merge2/src/tasc_autonomy/install/gps_tracker/bin'
[3.552s] Level 1:colcon.colcon_core.environment:checking '/home/tasc/autonav_merge2/src/tasc_autonomy/install/gps_tracker/lib/pkgconfig/gps_tracker.pc'
[3.553s] Level 1:colcon.colcon_core.environment:checking '/home/tasc/autonav_merge2/src/tasc_autonomy/install/gps_tracker/lib/python3.10/site-packages'
[3.554s] Level 1:colcon.colcon_core.environment:checking '/home/tasc/autonav_merge2/src/tasc_autonomy/install/gps_tracker/bin'
[3.555s] INFO:colcon.colcon_core.shell:Creating package script '/home/tasc/autonav_merge2/src/tasc_autonomy/install/gps_tracker/share/gps_tracker/package.ps1'
[3.558s] INFO:colcon.colcon_core.shell:Creating package descriptor '/home/tasc/autonav_merge2/src/tasc_autonomy/install/gps_tracker/share/gps_tracker/package.dsv'
[3.560s] INFO:colcon.colcon_core.shell:Creating package script '/home/tasc/autonav_merge2/src/tasc_autonomy/install/gps_tracker/share/gps_tracker/package.sh'
[3.564s] INFO:colcon.colcon_core.shell:Creating package script '/home/tasc/autonav_merge2/src/tasc_autonomy/install/gps_tracker/share/gps_tracker/package.bash'
[3.567s] INFO:colcon.colcon_core.shell:Creating package script '/home/tasc/autonav_merge2/src/tasc_autonomy/install/gps_tracker/share/gps_tracker/package.zsh'
[3.570s] Level 1:colcon.colcon_core.environment:create_file_with_runtime_dependencies(/home/tasc/autonav_merge2/src/tasc_autonomy/install/gps_tracker/share/colcon-core/packages/gps_tracker)
[3.572s] Level 1:colcon.colcon_core.environment:create_environment_scripts_only(gps_tracker)
[3.573s] Level 1:colcon.colcon_core.environment:checking '/home/tasc/autonav_merge2/src/tasc_autonomy/install/gps_tracker' for CMake module files
[3.575s] Level 1:colcon.colcon_core.environment:checking '/home/tasc/autonav_merge2/src/tasc_autonomy/install/gps_tracker' for CMake config files
[3.576s] Level 1:colcon.colcon_core.shell:create_environment_hook('gps_tracker', 'cmake_prefix_path')
[3.576s] INFO:colcon.colcon_core.shell:Creating environment hook '/home/tasc/autonav_merge2/src/tasc_autonomy/install/gps_tracker/share/gps_tracker/hook/cmake_prefix_path.ps1'
[3.578s] INFO:colcon.colcon_core.shell:Creating environment descriptor '/home/tasc/autonav_merge2/src/tasc_autonomy/install/gps_tracker/share/gps_tracker/hook/cmake_prefix_path.dsv'
[3.579s] INFO:colcon.colcon_core.shell:Creating environment hook '/home/tasc/autonav_merge2/src/tasc_autonomy/install/gps_tracker/share/gps_tracker/hook/cmake_prefix_path.sh'
[3.581s] Level 1:colcon.colcon_core.environment:checking '/home/tasc/autonav_merge2/src/tasc_autonomy/install/gps_tracker/lib'
[3.581s] Level 1:colcon.colcon_core.environment:checking '/home/tasc/autonav_merge2/src/tasc_autonomy/install/gps_tracker/bin'
[3.581s] Level 1:colcon.colcon_core.environment:checking '/home/tasc/autonav_merge2/src/tasc_autonomy/install/gps_tracker/lib/pkgconfig/gps_tracker.pc'
[3.582s] Level 1:colcon.colcon_core.environment:checking '/home/tasc/autonav_merge2/src/tasc_autonomy/install/gps_tracker/lib/python3.10/site-packages'
[3.583s] Level 1:colcon.colcon_core.environment:checking '/home/tasc/autonav_merge2/src/tasc_autonomy/install/gps_tracker/bin'
[3.584s] INFO:colcon.colcon_core.shell:Creating package script '/home/tasc/autonav_merge2/src/tasc_autonomy/install/gps_tracker/share/gps_tracker/package.ps1'
[3.585s] INFO:colcon.colcon_core.shell:Creating package descriptor '/home/tasc/autonav_merge2/src/tasc_autonomy/install/gps_tracker/share/gps_tracker/package.dsv'
[3.587s] INFO:colcon.colcon_core.shell:Creating package script '/home/tasc/autonav_merge2/src/tasc_autonomy/install/gps_tracker/share/gps_tracker/package.sh'
[3.589s] INFO:colcon.colcon_core.shell:Creating package script '/home/tasc/autonav_merge2/src/tasc_autonomy/install/gps_tracker/share/gps_tracker/package.bash'
[3.590s] INFO:colcon.colcon_core.shell:Creating package script '/home/tasc/autonav_merge2/src/tasc_autonomy/install/gps_tracker/share/gps_tracker/package.zsh'
[3.592s] Level 1:colcon.colcon_core.environment:create_file_with_runtime_dependencies(/home/tasc/autonav_merge2/src/tasc_autonomy/install/gps_tracker/share/colcon-core/packages/gps_tracker)
[4.322s] DEBUG:colcon.colcon_core.event_handler.log_command:Invoking command in '/home/tasc/autonav_merge2/src/tasc_autonomy/autonomy_sensors': PYTHONPATH=/home/tasc/autonav_merge2/src/tasc_autonomy/build/autonomy_sensors/prefix_override:/usr/lib/python3/dist-packages/colcon_core/task/python/colcon_distutils_commands:/home/tasc/autonav_merge2/src/tasc_autonomy/install/autonomy_sensors/lib/python3.10/site-packages:${PYTHONPATH} /usr/bin/python3 -W ignore:setup.py install is deprecated -W ignore:easy_install command is deprecated setup.py egg_info --egg-base ../build/autonomy_sensors build --build-base /home/tasc/autonav_merge2/src/tasc_autonomy/build/autonomy_sensors/build install --record /home/tasc/autonav_merge2/src/tasc_autonomy/build/autonomy_sensors/install.log --single-version-externally-managed install_data
[4.334s] DEBUG:colcon.colcon_core.event_handler.log_command:Invoking command in '/home/tasc/autonav_merge2/src/tasc_autonomy/autonomy_bringup': PYTHONPATH=/home/tasc/autonav_merge2/src/tasc_autonomy/build/autonomy_bringup/prefix_override:/usr/lib/python3/dist-packages/colcon_core/task/python/colcon_distutils_commands:/home/tasc/autonav_merge2/src/tasc_autonomy/install/autonomy_bringup/lib/python3.10/site-packages:${PYTHONPATH} /usr/bin/python3 -W ignore:setup.py install is deprecated -W ignore:easy_install command is deprecated setup.py egg_info --egg-base ../build/autonomy_bringup build --build-base /home/tasc/autonav_merge2/src/tasc_autonomy/build/autonomy_bringup/build install --record /home/tasc/autonav_merge2/src/tasc_autonomy/build/autonomy_bringup/install.log --single-version-externally-managed install_data
[4.346s] DEBUG:colcon.colcon_core.event_handler.log_command:Invoking command in '/home/tasc/autonav_merge2/src/tasc_autonomy/autonomy_vision': PYTHONPATH=/home/tasc/autonav_merge2/src/tasc_autonomy/build/autonomy_vision/prefix_override:/usr/lib/python3/dist-packages/colcon_core/task/python/colcon_distutils_commands:/home/tasc/autonav_merge2/src/tasc_autonomy/install/autonomy_vision/lib/python3.10/site-packages:${PYTHONPATH} /usr/bin/python3 -W ignore:setup.py install is deprecated -W ignore:easy_install command is deprecated setup.py egg_info --egg-base ../build/autonomy_vision build --build-base /home/tasc/autonav_merge2/src/tasc_autonomy/build/autonomy_vision/build install --record /home/tasc/autonav_merge2/src/tasc_autonomy/build/autonomy_vision/install.log --single-version-externally-managed install_data
[5.127s] Level 1:colcon.colcon_core.environment:checking '/home/tasc/autonav_merge2/src/tasc_autonomy/install/autonomy_sensors' for CMake module files
[5.129s] DEBUG:colcon.colcon_core.event_handler.log_command:Invoked command in '/home/tasc/autonav_merge2/src/tasc_autonomy/autonomy_sensors' returned '0': PYTHONPATH=/home/tasc/autonav_merge2/src/tasc_autonomy/build/autonomy_sensors/prefix_override:/usr/lib/python3/dist-packages/colcon_core/task/python/colcon_distutils_commands:/home/tasc/autonav_merge2/src/tasc_autonomy/install/autonomy_sensors/lib/python3.10/site-packages:${PYTHONPATH} /usr/bin/python3 -W ignore:setup.py install is deprecated -W ignore:easy_install command is deprecated setup.py egg_info --egg-base ../build/autonomy_sensors build --build-base /home/tasc/autonav_merge2/src/tasc_autonomy/build/autonomy_sensors/build install --record /home/tasc/autonav_merge2/src/tasc_autonomy/build/autonomy_sensors/install.log --single-version-externally-managed install_data
[5.130s] Level 1:colcon.colcon_core.environment:checking '/home/tasc/autonav_merge2/src/tasc_autonomy/install/autonomy_sensors' for CMake config files
[5.132s] Level 1:colcon.colcon_core.environment:checking '/home/tasc/autonav_merge2/src/tasc_autonomy/install/autonomy_sensors/lib'
[5.133s] Level 1:colcon.colcon_core.environment:checking '/home/tasc/autonav_merge2/src/tasc_autonomy/install/autonomy_sensors/bin'
[5.133s] Level 1:colcon.colcon_core.environment:checking '/home/tasc/autonav_merge2/src/tasc_autonomy/install/autonomy_sensors/lib/pkgconfig/autonomy_sensors.pc'
[5.134s] Level 1:colcon.colcon_core.environment:checking '/home/tasc/autonav_merge2/src/tasc_autonomy/install/autonomy_sensors/lib/python3.10/site-packages'
[5.134s] Level 1:colcon.colcon_core.shell:create_environment_hook('autonomy_sensors', 'pythonpath')
[5.135s] INFO:colcon.colcon_core.shell:Creating environment hook '/home/tasc/autonav_merge2/src/tasc_autonomy/install/autonomy_sensors/share/autonomy_sensors/hook/pythonpath.ps1'
[5.137s] INFO:colcon.colcon_core.shell:Creating environment descriptor '/home/tasc/autonav_merge2/src/tasc_autonomy/install/autonomy_sensors/share/autonomy_sensors/hook/pythonpath.dsv'
[5.138s] INFO:colcon.colcon_core.shell:Creating environment hook '/home/tasc/autonav_merge2/src/tasc_autonomy/install/autonomy_sensors/share/autonomy_sensors/hook/pythonpath.sh'
[5.140s] Level 1:colcon.colcon_core.environment:checking '/home/tasc/autonav_merge2/src/tasc_autonomy/install/autonomy_sensors/bin'
[5.141s] Level 1:colcon.colcon_core.environment:create_environment_scripts_only(autonomy_sensors)
[5.142s] INFO:colcon.colcon_core.shell:Creating package script '/home/tasc/autonav_merge2/src/tasc_autonomy/install/autonomy_sensors/share/autonomy_sensors/package.ps1'
[5.144s] INFO:colcon.colcon_core.shell:Creating package descriptor '/home/tasc/autonav_merge2/src/tasc_autonomy/install/autonomy_sensors/share/autonomy_sensors/package.dsv'
[5.146s] INFO:colcon.colcon_core.shell:Creating package script '/home/tasc/autonav_merge2/src/tasc_autonomy/install/autonomy_sensors/share/autonomy_sensors/package.sh'
[5.147s] INFO:colcon.colcon_core.shell:Creating package script '/home/tasc/autonav_merge2/src/tasc_autonomy/install/autonomy_sensors/share/autonomy_sensors/package.bash'
[5.149s] INFO:colcon.colcon_core.shell:Creating package script '/home/tasc/autonav_merge2/src/tasc_autonomy/install/autonomy_sensors/share/autonomy_sensors/package.zsh'
[5.150s] Level 1:colcon.colcon_core.environment:create_file_with_runtime_dependencies(/home/tasc/autonav_merge2/src/tasc_autonomy/install/autonomy_sensors/share/colcon-core/packages/autonomy_sensors)
[5.181s] Level 1:colcon.colcon_core.environment:checking '/home/tasc/autonav_merge2/src/tasc_autonomy/install/autonomy_vision' for CMake module files
[5.183s] DEBUG:colcon.colcon_core.event_handler.log_command:Invoked command in '/home/tasc/autonav_merge2/src/tasc_autonomy/autonomy_vision' returned '0': PYTHONPATH=/home/tasc/autonav_merge2/src/tasc_autonomy/build/autonomy_vision/prefix_override:/usr/lib/python3/dist-packages/colcon_core/task/python/colcon_distutils_commands:/home/tasc/autonav_merge2/src/tasc_autonomy/install/autonomy_vision/lib/python3.10/site-packages:${PYTHONPATH} /usr/bin/python3 -W ignore:setup.py install is deprecated -W ignore:easy_install command is deprecated setup.py egg_info --egg-base ../build/autonomy_vision build --build-base /home/tasc/autonav_merge2/src/tasc_autonomy/build/autonomy_vision/build install --record /home/tasc/autonav_merge2/src/tasc_autonomy/build/autonomy_vision/install.log --single-version-externally-managed install_data
[5.184s] Level 1:colcon.colcon_core.environment:checking '/home/tasc/autonav_merge2/src/tasc_autonomy/install/autonomy_vision' for CMake config files
[5.187s] Level 1:colcon.colcon_core.environment:checking '/home/tasc/autonav_merge2/src/tasc_autonomy/install/autonomy_vision/lib'
[5.188s] Level 1:colcon.colcon_core.environment:checking '/home/tasc/autonav_merge2/src/tasc_autonomy/install/autonomy_vision/bin'
[5.188s] Level 1:colcon.colcon_core.environment:checking '/home/tasc/autonav_merge2/src/tasc_autonomy/install/autonomy_vision/lib/pkgconfig/autonomy_vision.pc'
[5.189s] Level 1:colcon.colcon_core.environment:checking '/home/tasc/autonav_merge2/src/tasc_autonomy/install/autonomy_vision/lib/python3.10/site-packages'
[5.189s] Level 1:colcon.colcon_core.shell:create_environment_hook('autonomy_vision', 'pythonpath')
[5.190s] INFO:colcon.colcon_core.shell:Creating environment hook '/home/tasc/autonav_merge2/src/tasc_autonomy/install/autonomy_vision/share/autonomy_vision/hook/pythonpath.ps1'
[5.192s] INFO:colcon.colcon_core.shell:Creating environment descriptor '/home/tasc/autonav_merge2/src/tasc_autonomy/install/autonomy_vision/share/autonomy_vision/hook/pythonpath.dsv'
[5.194s] INFO:colcon.colcon_core.shell:Creating environment hook '/home/tasc/autonav_merge2/src/tasc_autonomy/install/autonomy_vision/share/autonomy_vision/hook/pythonpath.sh'
[5.196s] Level 1:colcon.colcon_core.environment:checking '/home/tasc/autonav_merge2/src/tasc_autonomy/install/autonomy_vision/bin'
[5.196s] Level 1:colcon.colcon_core.environment:create_environment_scripts_only(autonomy_vision)
[5.198s] INFO:colcon.colcon_core.shell:Creating package script '/home/tasc/autonav_merge2/src/tasc_autonomy/install/autonomy_vision/share/autonomy_vision/package.ps1'
[5.200s] INFO:colcon.colcon_core.shell:Creating package descriptor '/home/tasc/autonav_merge2/src/tasc_autonomy/install/autonomy_vision/share/autonomy_vision/package.dsv'
[5.202s] INFO:colcon.colcon_core.shell:Creating package script '/home/tasc/autonav_merge2/src/tasc_autonomy/install/autonomy_vision/share/autonomy_vision/package.sh'
[5.203s] INFO:colcon.colcon_core.shell:Creating package script '/home/tasc/autonav_merge2/src/tasc_autonomy/install/autonomy_vision/share/autonomy_vision/package.bash'
[5.205s] INFO:colcon.colcon_core.shell:Creating package script '/home/tasc/autonav_merge2/src/tasc_autonomy/install/autonomy_vision/share/autonomy_vision/package.zsh'
[5.206s] Level 1:colcon.colcon_core.environment:create_file_with_runtime_dependencies(/home/tasc/autonav_merge2/src/tasc_autonomy/install/autonomy_vision/share/colcon-core/packages/autonomy_vision)
[5.210s] Level 1:colcon.colcon_core.environment:checking '/home/tasc/autonav_merge2/src/tasc_autonomy/install/autonomy_bringup' for CMake module files
[5.212s] DEBUG:colcon.colcon_core.event_handler.log_command:Invoked command in '/home/tasc/autonav_merge2/src/tasc_autonomy/autonomy_bringup' returned '0': PYTHONPATH=/home/tasc/autonav_merge2/src/tasc_autonomy/build/autonomy_bringup/prefix_override:/usr/lib/python3/dist-packages/colcon_core/task/python/colcon_distutils_commands:/home/tasc/autonav_merge2/src/tasc_autonomy/install/autonomy_bringup/lib/python3.10/site-packages:${PYTHONPATH} /usr/bin/python3 -W ignore:setup.py install is deprecated -W ignore:easy_install command is deprecated setup.py egg_info --egg-base ../build/autonomy_bringup build --build-base /home/tasc/autonav_merge2/src/tasc_autonomy/build/autonomy_bringup/build install --record /home/tasc/autonav_merge2/src/tasc_autonomy/build/autonomy_bringup/install.log --single-version-externally-managed install_data
[5.213s] Level 1:colcon.colcon_core.environment:checking '/home/tasc/autonav_merge2/src/tasc_autonomy/install/autonomy_bringup' for CMake config files
[5.215s] Level 1:colcon.colcon_core.environment:checking '/home/tasc/autonav_merge2/src/tasc_autonomy/install/autonomy_bringup/lib'
[5.215s] Level 1:colcon.colcon_core.environment:checking '/home/tasc/autonav_merge2/src/tasc_autonomy/install/autonomy_bringup/bin'
[5.216s] Level 1:colcon.colcon_core.environment:checking '/home/tasc/autonav_merge2/src/tasc_autonomy/install/autonomy_bringup/lib/pkgconfig/autonomy_bringup.pc'
[5.217s] Level 1:colcon.colcon_core.environment:checking '/home/tasc/autonav_merge2/src/tasc_autonomy/install/autonomy_bringup/lib/python3.10/site-packages'
[5.217s] Level 1:colcon.colcon_core.shell:create_environment_hook('autonomy_bringup', 'pythonpath')
[5.218s] INFO:colcon.colcon_core.shell:Creating environment hook '/home/tasc/autonav_merge2/src/tasc_autonomy/install/autonomy_bringup/share/autonomy_bringup/hook/pythonpath.ps1'
[5.219s] INFO:colcon.colcon_core.shell:Creating environment descriptor '/home/tasc/autonav_merge2/src/tasc_autonomy/install/autonomy_bringup/share/autonomy_bringup/hook/pythonpath.dsv'
[5.221s] INFO:colcon.colcon_core.shell:Creating environment hook '/home/tasc/autonav_merge2/src/tasc_autonomy/install/autonomy_bringup/share/autonomy_bringup/hook/pythonpath.sh'
[5.223s] Level 1:colcon.colcon_core.environment:checking '/home/tasc/autonav_merge2/src/tasc_autonomy/install/autonomy_bringup/bin'
[5.223s] Level 1:colcon.colcon_core.environment:create_environment_scripts_only(autonomy_bringup)
[5.224s] INFO:colcon.colcon_core.shell:Creating package script '/home/tasc/autonav_merge2/src/tasc_autonomy/install/autonomy_bringup/share/autonomy_bringup/package.ps1'
[5.226s] INFO:colcon.colcon_core.shell:Creating package descriptor '/home/tasc/autonav_merge2/src/tasc_autonomy/install/autonomy_bringup/share/autonomy_bringup/package.dsv'
[5.228s] INFO:colcon.colcon_core.shell:Creating package script '/home/tasc/autonav_merge2/src/tasc_autonomy/install/autonomy_bringup/share/autonomy_bringup/package.sh'
[5.229s] INFO:colcon.colcon_core.shell:Creating package script '/home/tasc/autonav_merge2/src/tasc_autonomy/install/autonomy_bringup/share/autonomy_bringup/package.bash'
[5.231s] INFO:colcon.colcon_core.shell:Creating package script '/home/tasc/autonav_merge2/src/tasc_autonomy/install/autonomy_bringup/share/autonomy_bringup/package.zsh'
[5.232s] Level 1:colcon.colcon_core.environment:create_file_with_runtime_dependencies(/home/tasc/autonav_merge2/src/tasc_autonomy/install/autonomy_bringup/share/colcon-core/packages/autonomy_bringup)
[5.233s] DEBUG:colcon.colcon_parallel_executor.executor.parallel:closing loop
[5.234s] DEBUG:colcon.colcon_parallel_executor.executor.parallel:loop closed
[5.235s] DEBUG:colcon.colcon_parallel_executor.executor.parallel:run_until_complete finished with '0'
[5.235s] DEBUG:colcon.colcon_core.event_reactor:joining thread
[5.254s] INFO:colcon.colcon_core.plugin_system:Skipping extension 'colcon_notification.desktop_notification.terminal_notifier': Not used on non-Darwin systems
[5.255s] INFO:colcon.colcon_core.plugin_system:Skipping extension 'colcon_notification.desktop_notification.win32': Not used on non-Windows systems
[5.255s] INFO:colcon.colcon_notification.desktop_notification:Sending desktop notification using 'notify2'
[5.287s] DEBUG:colcon.colcon_core.event_reactor:joined thread
[5.288s] INFO:colcon.colcon_core.shell:Creating prefix script '/home/tasc/autonav_merge2/src/tasc_autonomy/install/local_setup.ps1'
[5.292s] INFO:colcon.colcon_core.shell:Creating prefix util module '/home/tasc/autonav_merge2/src/tasc_autonomy/install/_local_setup_util_ps1.py'
[5.297s] INFO:colcon.colcon_core.shell:Creating prefix chain script '/home/tasc/autonav_merge2/src/tasc_autonomy/install/setup.ps1'
[5.303s] INFO:colcon.colcon_core.shell:Creating prefix script '/home/tasc/autonav_merge2/src/tasc_autonomy/install/local_setup.sh'
[5.305s] INFO:colcon.colcon_core.shell:Creating prefix util module '/home/tasc/autonav_merge2/src/tasc_autonomy/install/_local_setup_util_sh.py'
[5.307s] INFO:colcon.colcon_core.shell:Creating prefix chain script '/home/tasc/autonav_merge2/src/tasc_autonomy/install/setup.sh'
[5.313s] INFO:colcon.colcon_core.shell:Creating prefix script '/home/tasc/autonav_merge2/src/tasc_autonomy/install/local_setup.bash'
[5.315s] INFO:colcon.colcon_core.shell:Creating prefix chain script '/home/tasc/autonav_merge2/src/tasc_autonomy/install/setup.bash'
[5.320s] INFO:colcon.colcon_core.shell:Creating prefix script '/home/tasc/autonav_merge2/src/tasc_autonomy/install/local_setup.zsh'
[5.322s] INFO:colcon.colcon_core.shell:Creating prefix chain script '/home/tasc/autonav_merge2/src/tasc_autonomy/install/setup.zsh'
