[2.182s] Invoking command in '/home/tasc/autonav_merge2/src/tasc_autonomy/build/gps_tracker': CMAKE_PREFIX_PATH=${CMAKE_PREFIX_PATH}:/home/tasc/autonav_merge2/src/tasc_autonomy/install/autonomy_vision:/home/tasc/autonav_merge2/src/tasc_autonomy/install/autonomy_sensors:/home/tasc/autonav_merge2/src/tasc_autonomy/install/autonomy_bringup:/home/tasc/autonav_merge2/install/autonomy_vision:/home/tasc/autonav_merge2/install/autonomy_sensors:/home/tasc/autonav_merge2/install/autonomy_bringup:/home/tasc/asimov/install/rover_dashboard:/home/tasc/asimov/install/drive_bringup:/home/tasc/asimov/install/drive_control:/opt/ros/humble /usr/bin/cmake --build /home/tasc/autonav_merge2/src/tasc_autonomy/build/gps_tracker -- -j6 -l6
[2.310s] [100%] Built target fake_gps
[2.310s] [100%] Built target route_logger
[2.334s] Invoked command in '/home/tasc/autonav_merge2/src/tasc_autonomy/build/gps_tracker' returned '0': CMAKE_PREFIX_PATH=${CMAKE_PREFIX_PATH}:/home/tasc/autonav_merge2/src/tasc_autonomy/install/autonomy_vision:/home/tasc/autonav_merge2/src/tasc_autonomy/install/autonomy_sensors:/home/tasc/autonav_merge2/src/tasc_autonomy/install/autonomy_bringup:/home/tasc/autonav_merge2/install/autonomy_vision:/home/tasc/autonav_merge2/install/autonomy_sensors:/home/tasc/autonav_merge2/install/autonomy_bringup:/home/tasc/asimov/install/rover_dashboard:/home/tasc/asimov/install/drive_bringup:/home/tasc/asimov/install/drive_control:/opt/ros/humble /usr/bin/cmake --build /home/tasc/autonav_merge2/src/tasc_autonomy/build/gps_tracker -- -j6 -l6
[2.357s] Invoking command in '/home/tasc/autonav_merge2/src/tasc_autonomy/build/gps_tracker': CMAKE_PREFIX_PATH=${CMAKE_PREFIX_PATH}:/home/tasc/autonav_merge2/src/tasc_autonomy/install/autonomy_vision:/home/tasc/autonav_merge2/src/tasc_autonomy/install/autonomy_sensors:/home/tasc/autonav_merge2/src/tasc_autonomy/install/autonomy_bringup:/home/tasc/autonav_merge2/install/autonomy_vision:/home/tasc/autonav_merge2/install/autonomy_sensors:/home/tasc/autonav_merge2/install/autonomy_bringup:/home/tasc/asimov/install/rover_dashboard:/home/tasc/asimov/install/drive_bringup:/home/tasc/asimov/install/drive_control:/opt/ros/humble /usr/bin/cmake --install /home/tasc/autonav_merge2/src/tasc_autonomy/build/gps_tracker
[2.373s] -- Install configuration: ""
[2.374s] -- Up-to-date: /home/tasc/autonav_merge2/src/tasc_autonomy/install/gps_tracker/lib/gps_tracker/fake_gps
[2.374s] -- Up-to-date: /home/tasc/autonav_merge2/src/tasc_autonomy/install/gps_tracker/lib/gps_tracker/route_logger
[2.374s] -- Up-to-date: /home/tasc/autonav_merge2/src/tasc_autonomy/install/gps_tracker/share/gps_tracker//launch
[2.375s] -- Up-to-date: /home/tasc/autonav_merge2/src/tasc_autonomy/install/gps_tracker/share/gps_tracker//launch/gps_tracker.launch.py
[2.375s] -- Up-to-date: /home/tasc/autonav_merge2/src/tasc_autonomy/install/gps_tracker/share/ament_index/resource_index/package_run_dependencies/gps_tracker
[2.375s] -- Up-to-date: /home/tasc/autonav_merge2/src/tasc_autonomy/install/gps_tracker/share/ament_index/resource_index/parent_prefix_path/gps_tracker
[2.376s] -- Up-to-date: /home/tasc/autonav_merge2/src/tasc_autonomy/install/gps_tracker/share/gps_tracker/environment/ament_prefix_path.sh
[2.376s] -- Up-to-date: /home/tasc/autonav_merge2/src/tasc_autonomy/install/gps_tracker/share/gps_tracker/environment/ament_prefix_path.dsv
[2.376s] -- Up-to-date: /home/tasc/autonav_merge2/src/tasc_autonomy/install/gps_tracker/share/gps_tracker/environment/path.sh
[2.377s] -- Up-to-date: /home/tasc/autonav_merge2/src/tasc_autonomy/install/gps_tracker/share/gps_tracker/environment/path.dsv
[2.377s] -- Up-to-date: /home/tasc/autonav_merge2/src/tasc_autonomy/install/gps_tracker/share/gps_tracker/local_setup.bash
[2.377s] -- Up-to-date: /home/tasc/autonav_merge2/src/tasc_autonomy/install/gps_tracker/share/gps_tracker/local_setup.sh
[2.377s] -- Up-to-date: /home/tasc/autonav_merge2/src/tasc_autonomy/install/gps_tracker/share/gps_tracker/local_setup.zsh
[2.377s] -- Up-to-date: /home/tasc/autonav_merge2/src/tasc_autonomy/install/gps_tracker/share/gps_tracker/local_setup.dsv
[2.377s] -- Installing: /home/tasc/autonav_merge2/src/tasc_autonomy/install/gps_tracker/share/gps_tracker/package.dsv
[2.378s] -- Up-to-date: /home/tasc/autonav_merge2/src/tasc_autonomy/install/gps_tracker/share/ament_index/resource_index/packages/gps_tracker
[2.378s] -- Up-to-date: /home/tasc/autonav_merge2/src/tasc_autonomy/install/gps_tracker/share/gps_tracker/cmake/gps_trackerConfig.cmake
[2.378s] -- Up-to-date: /home/tasc/autonav_merge2/src/tasc_autonomy/install/gps_tracker/share/gps_tracker/cmake/gps_trackerConfig-version.cmake
[2.378s] -- Up-to-date: /home/tasc/autonav_merge2/src/tasc_autonomy/install/gps_tracker/share/gps_tracker/package.xml
[2.382s] Invoked command in '/home/tasc/autonav_merge2/src/tasc_autonomy/build/gps_tracker' returned '0': CMAKE_PREFIX_PATH=${CMAKE_PREFIX_PATH}:/home/tasc/autonav_merge2/src/tasc_autonomy/install/autonomy_vision:/home/tasc/autonav_merge2/src/tasc_autonomy/install/autonomy_sensors:/home/tasc/autonav_merge2/src/tasc_autonomy/install/autonomy_bringup:/home/tasc/autonav_merge2/install/autonomy_vision:/home/tasc/autonav_merge2/install/autonomy_sensors:/home/tasc/autonav_merge2/install/autonomy_bringup:/home/tasc/asimov/install/rover_dashboard:/home/tasc/asimov/install/drive_bringup:/home/tasc/asimov/install/drive_control:/opt/ros/humble /usr/bin/cmake --install /home/tasc/autonav_merge2/src/tasc_autonomy/build/gps_tracker
