running egg_info
writing ../build/autonomy_sensors/autonomy_sensors.egg-info/PKG-INFO
writing dependency_links to ../build/autonomy_sensors/autonomy_sensors.egg-info/dependency_links.txt
writing entry points to ../build/autonomy_sensors/autonomy_sensors.egg-info/entry_points.txt
writing requirements to ../build/autonomy_sensors/autonomy_sensors.egg-info/requires.txt
writing top-level names to ../build/autonomy_sensors/autonomy_sensors.egg-info/top_level.txt
reading manifest file '../build/autonomy_sensors/autonomy_sensors.egg-info/SOURCES.txt'
adding license file 'LICENSE'
writing manifest file '../build/autonomy_sensors/autonomy_sensors.egg-info/SOURCES.txt'
running build
running build_py
running install
running install_lib
running install_data
running install_egg_info
removing '/home/tasc/autonav_merge2/src/tasc_autonomy/install/autonomy_sensors/lib/python3.10/site-packages/autonomy_sensors-0.0.0-py3.10.egg-info' (and everything under it)
Copying ../build/autonomy_sensors/autonomy_sensors.egg-info to /home/tasc/autonav_merge2/src/tasc_autonomy/install/autonomy_sensors/lib/python3.10/site-packages/autonomy_sensors-0.0.0-py3.10.egg-info
running install_scripts
Installing gps_imu_broadcaster script to /home/tasc/autonav_merge2/src/tasc_autonomy/install/autonomy_sensors/lib/autonomy_sensors
Installing gps_node script to /home/tasc/autonav_merge2/src/tasc_autonomy/install/autonomy_sensors/lib/autonomy_sensors
Installing imu_node script to /home/tasc/autonav_merge2/src/tasc_autonomy/install/autonomy_sensors/lib/autonomy_sensors
writing list of installed files to '/home/tasc/autonav_merge2/src/tasc_autonomy/build/autonomy_sensors/install.log'
